[    0.000000] Initializing cgroup subsys cpuset
[    0.000000] Initializing cgroup subsys cpu
[    0.000000] Initializing cgroup subsys cpuacct
[    0.000000] Linux version 3.13.0-32-generic (buildd@kissel) (gcc version 4.8.2 (Ubuntu 4.8.2-19ubuntu1) ) #57-Ubuntu SMP Tue Jul 15 03:51:08 UTC 2014 (Ubuntu 3.13.0-32.57-generic 3.13.11.4)
[    0.000000] Command line: BOOT_IMAGE=/boot/vmlinuz-3.13.0-32-generic root=UUID=71543f20-29e9-4581-90f4-19df64ab50a7 ro quiet splash nomdmonddf nomdmonisw vt.handoff=7
[    0.000000] KERNEL supported cpus:
[    0.000000]   Intel GenuineIntel
[    0.000000]   AMD AuthenticAMD
[    0.000000]   Centaur CentaurHauls
[    0.000000] e820: BIOS-provided physical RAM map:
[    0.000000] BIOS-e820: [mem 0x0000000000000000-0x000000000009bfff] usable
[    0.000000] BIOS-e820: [mem 0x000000000009c000-0x000000000009ffff] reserved
[    0.000000] BIOS-e820: [mem 0x00000000000e0000-0x00000000000fffff] reserved
[    0.000000] BIOS-e820: [mem 0x0000000000100000-0x000000007a288fff] usable
[    0.000000] BIOS-e820: [mem 0x000000007a289000-0x000000007af0afff] reserved
[    0.000000] BIOS-e820: [mem 0x000000007af0b000-0x000000007b93afff] ACPI NVS
[    0.000000] BIOS-e820: [mem 0x000000007b93b000-0x000000007bab6fff] ACPI data
[    0.000000] BIOS-e820: [mem 0x000000007bab7000-0x000000007bae8fff] usable
[    0.000000] BIOS-e820: [mem 0x000000007bae9000-0x000000007bafefff] ACPI data
[    0.000000] BIOS-e820: [mem 0x000000007baff000-0x000000007bafffff] usable
[    0.000000] BIOS-e820: [mem 0x000000007bb00000-0x000000008fffffff] reserved
[    0.000000] BIOS-e820: [mem 0x00000000feda8000-0x00000000fedabfff] reserved
[    0.000000] BIOS-e820: [mem 0x00000000ff310000-0x00000000ffffffff] reserved
[    0.000000] BIOS-e820: [mem 0x0000000100000000-0x000000107fffffff] usable
[    0.000000] NX (Execute Disable) protection: active
[    0.000000] SMBIOS 2.8 present.
[    0.000000] DMI: Dell Inc. PowerEdge R730/0H21J3, BIOS 2.4.3 01/17/2017
[    0.000000] e820: update [mem 0x00000000-0x00000fff] usable ==> reserved
[    0.000000] e820: remove [mem 0x000a0000-0x000fffff] usable
[    0.000000] No AGP bridge found
[    0.000000] e820: last_pfn = 0x1080000 max_arch_pfn = 0x400000000
[    0.000000] MTRR default type: uncachable
[    0.000000] MTRR fixed ranges enabled:
[    0.000000]   00000-9FFFF write-back
[    0.000000]   A0000-BFFFF uncachable
[    0.000000]   C0000-FFFFF write-protect
[    0.000000] MTRR variable ranges enabled:
[    0.000000]   0 base 000000000000 mask 3FFF80000000 write-back
[    0.000000]   1 base 000100000000 mask 3FFF00000000 write-back
[    0.000000]   2 base 000200000000 mask 3FFE00000000 write-back
[    0.000000]   3 base 000400000000 mask 3FFC00000000 write-back
[    0.000000]   4 base 000800000000 mask 3FF800000000 write-back
[    0.000000]   5 base 001000000000 mask 3FFF80000000 write-back
[    0.000000]   6 base 0000FF000000 mask 3FFFFF000000 write-protect
[    0.000000]   7 disabled
[    0.000000]   8 disabled
[    0.000000]   9 disabled
[    0.000000] x86 PAT enabled: cpu 0, old 0x7040600070406, new 0x7010600070106
[    0.000000] e820: last_pfn = 0x7bb00 max_arch_pfn = 0x400000000
[    0.000000] Scanning 1 areas for low memory corruption
[    0.000000] Base memory trampoline at [ffff880000096000] 96000 size 24576
[    0.000000] Using GB pages for direct mapping
[    0.000000] init_memory_mapping: [mem 0x00000000-0x000fffff]
[    0.000000]  [mem 0x00000000-0x000fffff] page 4k
[    0.000000] BRK [0x01fdf000, 0x01fdffff] PGTABLE
[    0.000000] BRK [0x01fe0000, 0x01fe0fff] PGTABLE
[    0.000000] BRK [0x01fe1000, 0x01fe1fff] PGTABLE
[    0.000000] init_memory_mapping: [mem 0x107fe00000-0x107fffffff]
[    0.000000]  [mem 0x107fe00000-0x107fffffff] page 1G
[    0.000000] init_memory_mapping: [mem 0x107c000000-0x107fdfffff]
[    0.000000]  [mem 0x107c000000-0x107fdfffff] page 1G
[    0.000000] init_memory_mapping: [mem 0x1000000000-0x107bffffff]
[    0.000000]  [mem 0x1000000000-0x107bffffff] page 1G
[    0.000000] init_memory_mapping: [mem 0x00100000-0x7a288fff]
[    0.000000]  [mem 0x00100000-0x001fffff] page 4k
[    0.000000]  [mem 0x00200000-0x7a1fffff] page 2M
[    0.000000]  [mem 0x7a200000-0x7a288fff] page 4k
[    0.000000] init_memory_mapping: [mem 0x7bab7000-0x7bae8fff]
[    0.000000]  [mem 0x7bab7000-0x7bae8fff] page 4k
[    0.000000] BRK [0x01fe2000, 0x01fe2fff] PGTABLE
[    0.000000] init_memory_mapping: [mem 0x7baff000-0x7bafffff]
[    0.000000]  [mem 0x7baff000-0x7bafffff] page 4k
[    0.000000] init_memory_mapping: [mem 0x100000000-0xfffffffff]
[    0.000000]  [mem 0x100000000-0xfffffffff] page 1G
[    0.000000] RAMDISK: [mem 0x35922000-0x36c88fff]
[    0.000000] ACPI: RSDP 00000000000fe320 000024 (v02 DELL  )
[    0.000000] ACPI: XSDT 000000007bab50e8 0000BC (v01 DELL   PE_SC3   00000000      01000013)
[    0.000000] ACPI: FACP 000000007bab1000 0000F4 (v04 DELL   PE_SC3   00000000 DELL 00000001)
[    0.000000] ACPI: DSDT 000000007ba99000 010768 (v02 DELL   PE_SC3   00000003 DELL 00000001)
[    0.000000] ACPI: FACS 000000007b91b000 000040
[    0.000000] ACPI: MCEJ 000000007bab4000 000130 (v01 INTEL           00000001 INTL 0100000D)
[    0.000000] ACPI: WD__ 000000007bab3000 000134 (v01 DELL   PE_SC3   00000001 DELL 00000001)
[    0.000000] ACPI: SLIC 000000007bab2000 000024 (v01 DELL   PE_SC3   00000001 DELL 00000001)
[    0.000000] ACPI: HPET 000000007bab0000 000038 (v01 DELL   PE_SC3   00000001 DELL 00000001)
[    0.000000] ACPI: APIC 000000007baaf000 000AFC (v02 DELL   PE_SC3   00000000 DELL 00000001)
[    0.000000] ACPI: MCFG 000000007baae000 00003C (v01 DELL   PE_SC3   00000001 DELL 00000001)
[    0.000000] ACPI: MSCT 000000007baad000 000090 (v01 DELL   PE_SC3   00000001 DELL 00000001)
[    0.000000] ACPI: SLIT 000000007baac000 00006C (v01 DELL   PE_SC3   00000001 DELL 00000001)
[    0.000000] ACPI: SRAT 000000007baaa000 001130 (v03 DELL   PE_SC3   00000001 DELL 00000001)
[    0.000000] ACPI: SSDT 000000007b956000 1424A9 (v02 DELL   PE_SC3   00004000 INTL 20121114)
[    0.000000] ACPI: SSDT 000000007b953000 00217F (v02 DELL   PE_SC3   00000002 INTL 20121114)
[    0.000000] ACPI: SSDT 000000007b952000 00006E (v02 DELL   PE_SC3   00000002 INTL 20121114)
[    0.000000] ACPI: PRAD 000000007b951000 000132 (v02   DELL PE_SC3   00000002 INTL 20121114)
[    0.000000] ACPI: DMAR 000000007bafe000 000128 (v01 DELL   PE_SC3   00000001 DELL 00000001)
[    0.000000] ACPI: HEST 000000007bafd000 00017C (v01 DELL   PE_SC3   00000002 DELL 00000001)
[    0.000000] ACPI: BERT 000000007bafc000 000030 (v01 DELL   PE_SC3   00000002 DELL 00000001)
[    0.000000] ACPI: ERST 000000007bafb000 000230 (v01 DELL   PE_SC3   00000002 DELL 00000001)
[    0.000000] ACPI: EINJ 000000007bafa000 000150 (v01 DELL   PE_SC3   00000002 DELL 00000001)
[    0.000000] ACPI: Local APIC address 0xfee00000
[    0.000000] SRAT: PXM 0 -> APIC 0x00 -> Node 0
[    0.000000] SRAT: PXM 1 -> APIC 0x10 -> Node 1
[    0.000000] SRAT: PXM 0 -> APIC 0x02 -> Node 0
[    0.000000] SRAT: PXM 1 -> APIC 0x12 -> Node 1
[    0.000000] SRAT: PXM 0 -> APIC 0x04 -> Node 0
[    0.000000] SRAT: PXM 1 -> APIC 0x14 -> Node 1
[    0.000000] SRAT: PXM 0 -> APIC 0x06 -> Node 0
[    0.000000] SRAT: PXM 1 -> APIC 0x16 -> Node 1
[    0.000000] SRAT: PXM 0 -> APIC 0x08 -> Node 0
[    0.000000] SRAT: PXM 1 -> APIC 0x18 -> Node 1
[    0.000000] SRAT: PXM 0 -> APIC 0x0a -> Node 0
[    0.000000] SRAT: PXM 1 -> APIC 0x1a -> Node 1
[    0.000000] SRAT: Node 0 PXM 0 [mem 0x00000000-0x87fffffff]
[    0.000000] SRAT: Node 1 PXM 1 [mem 0x880000000-0x107fffffff]
[    0.000000] NUMA: Initialized distance table, cnt=2
[    0.000000] Initmem setup node 0 [mem 0x00000000-0x87fffffff]
[    0.000000]   NODE_DATA [mem 0x87fffb000-0x87fffffff]
[    0.000000] Initmem setup node 1 [mem 0x880000000-0x107fffffff]
[    0.000000]   NODE_DATA [mem 0x107fff8000-0x107fffcfff]
[    0.000000]  [ffffea0000000000-ffffea0021ffffff] PMD -> [ffff88085fe00000-ffff88087fdfffff] on node 0
[    0.000000]  [ffffea0022000000-ffffea0041ffffff] PMD -> [ffff88105f600000-ffff88107f5fffff] on node 1
[    0.000000] Zone ranges:
[    0.000000]   DMA      [mem 0x00001000-0x00ffffff]
[    0.000000]   DMA32    [mem 0x01000000-0xffffffff]
[    0.000000]   Normal   [mem 0x100000000-0x107fffffff]
[    0.000000] Movable zone start for each node
[    0.000000] Early memory node ranges
[    0.000000]   node   0: [mem 0x00001000-0x0009bfff]
[    0.000000]   node   0: [mem 0x00100000-0x7a288fff]
[    0.000000]   node   0: [mem 0x7bab7000-0x7bae8fff]
[    0.000000]   node   0: [mem 0x7baff000-0x7bafffff]
[    0.000000]   node   0: [mem 0x100000000-0x87fffffff]
[    0.000000]   node   1: [mem 0x880000000-0x107fffffff]
[    0.000000] On node 0 totalpages: 8364631
[    0.000000]   DMA zone: 64 pages used for memmap
[    0.000000]   DMA zone: 21 pages reserved
[    0.000000]   DMA zone: 3995 pages, LIFO batch:0
[    0.000000]   DMA32 zone: 7755 pages used for memmap
[    0.000000]   DMA32 zone: 496316 pages, LIFO batch:31
[    0.000000]   Normal zone: 122880 pages used for memmap
[    0.000000]   Normal zone: 7864320 pages, LIFO batch:31
[    0.000000] On node 1 totalpages: 8388608
[    0.000000]   Normal zone: 131072 pages used for memmap
[    0.000000]   Normal zone: 8388608 pages, LIFO batch:31
[    0.000000] ACPI: PM-Timer IO Port: 0x408
[    0.000000] ACPI: Local APIC address 0xfee00000
[    0.000000] ACPI: LAPIC (acpi_id[0x00] lapic_id[0x00] enabled)
[    0.000000] ACPI: LAPIC (acpi_id[0x30] lapic_id[0x10] enabled)
[    0.000000] ACPI: LAPIC (acpi_id[0x01] lapic_id[0x02] enabled)
[    0.000000] ACPI: LAPIC (acpi_id[0x31] lapic_id[0x12] enabled)
[    0.000000] ACPI: LAPIC (acpi_id[0x02] lapic_id[0x04] enabled)
[    0.000000] ACPI: LAPIC (acpi_id[0x32] lapic_id[0x14] enabled)
[    0.000000] ACPI: LAPIC (acpi_id[0x03] lapic_id[0x06] enabled)
[    0.000000] ACPI: LAPIC (acpi_id[0x33] lapic_id[0x16] enabled)
[    0.000000] ACPI: LAPIC (acpi_id[0x04] lapic_id[0x08] enabled)
[    0.000000] ACPI: LAPIC (acpi_id[0x34] lapic_id[0x18] enabled)
[    0.000000] ACPI: LAPIC (acpi_id[0x05] lapic_id[0x0a] enabled)
[    0.000000] ACPI: LAPIC (acpi_id[0x35] lapic_id[0x1a] enabled)
[    0.000000] ACPI: LAPIC (acpi_id[0xff] lapic_id[0xff] disabled)
[    0.000000] ACPI: LAPIC (acpi_id[0xff] lapic_id[0xff] disabled)
[    0.000000] ACPI: LAPIC (acpi_id[0xff] lapic_id[0xff] disabled)
[    0.000000] ACPI: LAPIC (acpi_id[0xff] lapic_id[0xff] disabled)
[    0.000000] ACPI: LAPIC (acpi_id[0xff] lapic_id[0xff] disabled)
[    0.000000] ACPI: LAPIC (acpi_id[0xff] lapic_id[0xff] disabled)
[    0.000000] ACPI: LAPIC (acpi_id[0xff] lapic_id[0xff] disabled)
[    0.000000] ACPI: LAPIC (acpi_id[0xff] lapic_id[0xff] disabled)
[    0.000000] ACPI: LAPIC (acpi_id[0xff] lapic_id[0xff] disabled)
[    0.000000] ACPI: LAPIC (acpi_id[0xff] lapic_id[0xff] disabled)
[    0.000000] ACPI: LAPIC (acpi_id[0xff] lapic_id[0xff] disabled)
[    0.000000] ACPI: LAPIC (acpi_id[0xff] lapic_id[0xff] disabled)
[    0.000000] ACPI: LAPIC (acpi_id[0xff] lapic_id[0xff] disabled)
[    0.000000] ACPI: LAPIC (acpi_id[0xff] lapic_id[0xff] disabled)
[    0.000000] ACPI: LAPIC (acpi_id[0xff] lapic_id[0xff] disabled)
[    0.000000] ACPI: LAPIC (acpi_id[0xff] lapic_id[0xff] disabled)
[    0.000000] ACPI: LAPIC (acpi_id[0xff] lapic_id[0xff] disabled)
[    0.000000] ACPI: LAPIC (acpi_id[0xff] lapic_id[0xff] disabled)
[    0.000000] ACPI: LAPIC (acpi_id[0xff] lapic_id[0xff] disabled)
[    0.000000] ACPI: LAPIC (acpi_id[0xff] lapic_id[0xff] disabled)
[    0.000000] ACPI: LAPIC (acpi_id[0xff] lapic_id[0xff] disabled)
[    0.000000] ACPI: LAPIC (acpi_id[0xff] lapic_id[0xff] disabled)
[    0.000000] ACPI: LAPIC (acpi_id[0xff] lapic_id[0xff] disabled)
[    0.000000] ACPI: LAPIC (acpi_id[0xff] lapic_id[0xff] disabled)
[    0.000000] ACPI: LAPIC (acpi_id[0xff] lapic_id[0xff] disabled)
[    0.000000] ACPI: LAPIC (acpi_id[0xff] lapic_id[0xff] disabled)
[    0.000000] ACPI: LAPIC (acpi_id[0xff] lapic_id[0xff] disabled)
[    0.000000] ACPI: LAPIC (acpi_id[0xff] lapic_id[0xff] disabled)
[    0.000000] ACPI: LAPIC (acpi_id[0xff] lapic_id[0xff] disabled)
[    0.000000] ACPI: LAPIC (acpi_id[0xff] lapic_id[0xff] disabled)
[    0.000000] ACPI: LAPIC (acpi_id[0xff] lapic_id[0xff] disabled)
[    0.000000] ACPI: LAPIC (acpi_id[0xff] lapic_id[0xff] disabled)
[    0.000000] ACPI: LAPIC (acpi_id[0xff] lapic_id[0xff] disabled)
[    0.000000] ACPI: LAPIC (acpi_id[0xff] lapic_id[0xff] disabled)
[    0.000000] ACPI: LAPIC (acpi_id[0xff] lapic_id[0xff] disabled)
[    0.000000] ACPI: LAPIC (acpi_id[0xff] lapic_id[0xff] disabled)
[    0.000000] ACPI: LAPIC (acpi_id[0xff] lapic_id[0xff] disabled)
[    0.000000] ACPI: LAPIC (acpi_id[0xff] lapic_id[0xff] disabled)
[    0.000000] ACPI: LAPIC (acpi_id[0xff] lapic_id[0xff] disabled)
[    0.000000] ACPI: LAPIC (acpi_id[0xff] lapic_id[0xff] disabled)
[    0.000000] ACPI: LAPIC (acpi_id[0xff] lapic_id[0xff] disabled)
[    0.000000] ACPI: LAPIC (acpi_id[0xff] lapic_id[0xff] disabled)
[    0.000000] ACPI: LAPIC (acpi_id[0xff] lapic_id[0xff] disabled)
[    0.000000] ACPI: LAPIC (acpi_id[0xff] lapic_id[0xff] disabled)
[    0.000000] ACPI: LAPIC (acpi_id[0xff] lapic_id[0xff] disabled)
[    0.000000] ACPI: LAPIC (acpi_id[0xff] lapic_id[0xff] disabled)
[    0.000000] ACPI: LAPIC (acpi_id[0xff] lapic_id[0xff] disabled)
[    0.000000] ACPI: LAPIC (acpi_id[0xff] lapic_id[0xff] disabled)
[    0.000000] ACPI: LAPIC (acpi_id[0xff] lapic_id[0xff] disabled)
[    0.000000] ACPI: LAPIC (acpi_id[0xff] lapic_id[0xff] disabled)
[    0.000000] ACPI: LAPIC (acpi_id[0xff] lapic_id[0xff] disabled)
[    0.000000] ACPI: LAPIC (acpi_id[0xff] lapic_id[0xff] disabled)
[    0.000000] ACPI: LAPIC (acpi_id[0xff] lapic_id[0xff] disabled)
[    0.000000] ACPI: LAPIC (acpi_id[0xff] lapic_id[0xff] disabled)
[    0.000000] ACPI: LAPIC (acpi_id[0xff] lapic_id[0xff] disabled)
[    0.000000] ACPI: LAPIC (acpi_id[0xff] lapic_id[0xff] disabled)
[    0.000000] ACPI: LAPIC (acpi_id[0xff] lapic_id[0xff] disabled)
[    0.000000] ACPI: LAPIC (acpi_id[0xff] lapic_id[0xff] disabled)
[    0.000000] ACPI: LAPIC (acpi_id[0xff] lapic_id[0xff] disabled)
[    0.000000] ACPI: LAPIC (acpi_id[0xff] lapic_id[0xff] disabled)
[    0.000000] ACPI: LAPIC (acpi_id[0xff] lapic_id[0xff] disabled)
[    0.000000] ACPI: LAPIC (acpi_id[0xff] lapic_id[0xff] disabled)
[    0.000000] ACPI: LAPIC (acpi_id[0xff] lapic_id[0xff] disabled)
[    0.000000] ACPI: LAPIC (acpi_id[0xff] lapic_id[0xff] disabled)
[    0.000000] ACPI: LAPIC (acpi_id[0xff] lapic_id[0xff] disabled)
[    0.000000] ACPI: LAPIC (acpi_id[0xff] lapic_id[0xff] disabled)
[    0.000000] ACPI: LAPIC (acpi_id[0xff] lapic_id[0xff] disabled)
[    0.000000] ACPI: LAPIC (acpi_id[0xff] lapic_id[0xff] disabled)
[    0.000000] ACPI: LAPIC (acpi_id[0xff] lapic_id[0xff] disabled)
[    0.000000] ACPI: LAPIC (acpi_id[0xff] lapic_id[0xff] disabled)
[    0.000000] ACPI: LAPIC (acpi_id[0xff] lapic_id[0xff] disabled)
[    0.000000] ACPI: LAPIC (acpi_id[0xff] lapic_id[0xff] disabled)
[    0.000000] ACPI: LAPIC (acpi_id[0xff] lapic_id[0xff] disabled)
[    0.000000] ACPI: LAPIC (acpi_id[0xff] lapic_id[0xff] disabled)
[    0.000000] ACPI: LAPIC (acpi_id[0xff] lapic_id[0xff] disabled)
[    0.000000] ACPI: LAPIC (acpi_id[0xff] lapic_id[0xff] disabled)
[    0.000000] ACPI: LAPIC (acpi_id[0xff] lapic_id[0xff] disabled)
[    0.000000] ACPI: LAPIC (acpi_id[0xff] lapic_id[0xff] disabled)
[    0.000000] ACPI: LAPIC (acpi_id[0xff] lapic_id[0xff] disabled)
[    0.000000] ACPI: LAPIC (acpi_id[0xff] lapic_id[0xff] disabled)
[    0.000000] ACPI: LAPIC (acpi_id[0xff] lapic_id[0xff] disabled)
[    0.000000] ACPI: LAPIC (acpi_id[0xff] lapic_id[0xff] disabled)
[    0.000000] ACPI: LAPIC (acpi_id[0xff] lapic_id[0xff] disabled)
[    0.000000] ACPI: LAPIC (acpi_id[0xff] lapic_id[0xff] disabled)
[    0.000000] ACPI: LAPIC (acpi_id[0xff] lapic_id[0xff] disabled)
[    0.000000] ACPI: LAPIC (acpi_id[0xff] lapic_id[0xff] disabled)
[    0.000000] ACPI: LAPIC (acpi_id[0xff] lapic_id[0xff] disabled)
[    0.000000] ACPI: LAPIC (acpi_id[0xff] lapic_id[0xff] disabled)
[    0.000000] ACPI: LAPIC (acpi_id[0xff] lapic_id[0xff] disabled)
[    0.000000] ACPI: LAPIC (acpi_id[0xff] lapic_id[0xff] disabled)
[    0.000000] ACPI: LAPIC (acpi_id[0xff] lapic_id[0xff] disabled)
[    0.000000] ACPI: LAPIC (acpi_id[0xff] lapic_id[0xff] disabled)
[    0.000000] ACPI: LAPIC (acpi_id[0xff] lapic_id[0xff] disabled)
[    0.000000] ACPI: LAPIC (acpi_id[0xff] lapic_id[0xff] disabled)
[    0.000000] ACPI: LAPIC (acpi_id[0xff] lapic_id[0xff] disabled)
[    0.000000] ACPI: LAPIC (acpi_id[0xff] lapic_id[0xff] disabled)
[    0.000000] ACPI: LAPIC (acpi_id[0xff] lapic_id[0xff] disabled)
[    0.000000] ACPI: LAPIC (acpi_id[0xff] lapic_id[0xff] disabled)
[    0.000000] ACPI: LAPIC (acpi_id[0xff] lapic_id[0xff] disabled)
[    0.000000] ACPI: LAPIC (acpi_id[0xff] lapic_id[0xff] disabled)
[    0.000000] ACPI: LAPIC (acpi_id[0xff] lapic_id[0xff] disabled)
[    0.000000] ACPI: LAPIC (acpi_id[0xff] lapic_id[0xff] disabled)
[    0.000000] ACPI: LAPIC (acpi_id[0xff] lapic_id[0xff] disabled)
[    0.000000] ACPI: LAPIC (acpi_id[0xff] lapic_id[0xff] disabled)
[    0.000000] ACPI: LAPIC (acpi_id[0xff] lapic_id[0xff] disabled)
[    0.000000] ACPI: LAPIC (acpi_id[0xff] lapic_id[0xff] disabled)
[    0.000000] ACPI: LAPIC (acpi_id[0xff] lapic_id[0xff] disabled)
[    0.000000] ACPI: LAPIC (acpi_id[0xff] lapic_id[0xff] disabled)
[    0.000000] ACPI: LAPIC (acpi_id[0xff] lapic_id[0xff] disabled)
[    0.000000] ACPI: LAPIC (acpi_id[0xff] lapic_id[0xff] disabled)
[    0.000000] ACPI: LAPIC (acpi_id[0xff] lapic_id[0xff] disabled)
[    0.000000] ACPI: LAPIC (acpi_id[0xff] lapic_id[0xff] disabled)
[    0.000000] ACPI: LAPIC (acpi_id[0xff] lapic_id[0xff] disabled)
[    0.000000] ACPI: LAPIC (acpi_id[0xff] lapic_id[0xff] disabled)
[    0.000000] ACPI: LAPIC (acpi_id[0xff] lapic_id[0xff] disabled)
[    0.000000] ACPI: LAPIC (acpi_id[0xff] lapic_id[0xff] disabled)
[    0.000000] ACPI: LAPIC (acpi_id[0xff] lapic_id[0xff] disabled)
[    0.000000] ACPI: LAPIC (acpi_id[0xff] lapic_id[0xff] disabled)
[    0.000000] ACPI: LAPIC (acpi_id[0xff] lapic_id[0xff] disabled)
[    0.000000] ACPI: LAPIC (acpi_id[0xff] lapic_id[0xff] disabled)
[    0.000000] ACPI: LAPIC (acpi_id[0xff] lapic_id[0xff] disabled)
[    0.000000] ACPI: LAPIC (acpi_id[0xff] lapic_id[0xff] disabled)
[    0.000000] ACPI: LAPIC (acpi_id[0xff] lapic_id[0xff] disabled)
[    0.000000] ACPI: LAPIC (acpi_id[0xff] lapic_id[0xff] disabled)
[    0.000000] ACPI: LAPIC (acpi_id[0xff] lapic_id[0xff] disabled)
[    0.000000] ACPI: LAPIC (acpi_id[0xff] lapic_id[0xff] disabled)
[    0.000000] ACPI: LAPIC (acpi_id[0xff] lapic_id[0xff] disabled)
[    0.000000] ACPI: LAPIC (acpi_id[0xff] lapic_id[0xff] disabled)
[    0.000000] ACPI: LAPIC (acpi_id[0xff] lapic_id[0xff] disabled)
[    0.000000] ACPI: LAPIC (acpi_id[0xff] lapic_id[0xff] disabled)
[    0.000000] ACPI: LAPIC (acpi_id[0xff] lapic_id[0xff] disabled)
[    0.000000] ACPI: LAPIC (acpi_id[0xff] lapic_id[0xff] disabled)
[    0.000000] ACPI: LAPIC (acpi_id[0xff] lapic_id[0xff] disabled)
[    0.000000] ACPI: LAPIC (acpi_id[0xff] lapic_id[0xff] disabled)
[    0.000000] ACPI: LAPIC (acpi_id[0xff] lapic_id[0xff] disabled)
[    0.000000] ACPI: LAPIC (acpi_id[0xff] lapic_id[0xff] disabled)
[    0.000000] ACPI: LAPIC (acpi_id[0xff] lapic_id[0xff] disabled)
[    0.000000] ACPI: LAPIC (acpi_id[0xff] lapic_id[0xff] disabled)
[    0.000000] ACPI: LAPIC (acpi_id[0xff] lapic_id[0xff] disabled)
[    0.000000] ACPI: LAPIC (acpi_id[0xff] lapic_id[0xff] disabled)
[    0.000000] ACPI: LAPIC (acpi_id[0xff] lapic_id[0xff] disabled)
[    0.000000] ACPI: LAPIC (acpi_id[0xff] lapic_id[0xff] disabled)
[    0.000000] ACPI: LAPIC (acpi_id[0xff] lapic_id[0xff] disabled)
[    0.000000] ACPI: LAPIC (acpi_id[0xff] lapic_id[0xff] disabled)
[    0.000000] ACPI: LAPIC (acpi_id[0xff] lapic_id[0xff] disabled)
[    0.000000] ACPI: LAPIC (acpi_id[0xff] lapic_id[0xff] disabled)
[    0.000000] ACPI: LAPIC (acpi_id[0xff] lapic_id[0xff] disabled)
[    0.000000] ACPI: LAPIC (acpi_id[0xff] lapic_id[0xff] disabled)
[    0.000000] ACPI: LAPIC (acpi_id[0xff] lapic_id[0xff] disabled)
[    0.000000] ACPI: LAPIC (acpi_id[0xff] lapic_id[0xff] disabled)
[    0.000000] ACPI: LAPIC (acpi_id[0xff] lapic_id[0xff] disabled)
[    0.000000] ACPI: LAPIC (acpi_id[0xff] lapic_id[0xff] disabled)
[    0.000000] ACPI: LAPIC (acpi_id[0xff] lapic_id[0xff] disabled)
[    0.000000] ACPI: LAPIC (acpi_id[0xff] lapic_id[0xff] disabled)
[    0.000000] ACPI: LAPIC (acpi_id[0xff] lapic_id[0xff] disabled)
[    0.000000] ACPI: LAPIC (acpi_id[0xff] lapic_id[0xff] disabled)
[    0.000000] ACPI: LAPIC (acpi_id[0xff] lapic_id[0xff] disabled)
[    0.000000] ACPI: LAPIC (acpi_id[0xff] lapic_id[0xff] disabled)
[    0.000000] ACPI: LAPIC (acpi_id[0xff] lapic_id[0xff] disabled)
[    0.000000] ACPI: LAPIC (acpi_id[0xff] lapic_id[0xff] disabled)
[    0.000000] ACPI: LAPIC (acpi_id[0xff] lapic_id[0xff] disabled)
[    0.000000] ACPI: LAPIC (acpi_id[0xff] lapic_id[0xff] disabled)
[    0.000000] ACPI: LAPIC (acpi_id[0xff] lapic_id[0xff] disabled)
[    0.000000] ACPI: LAPIC (acpi_id[0xff] lapic_id[0xff] disabled)
[    0.000000] ACPI: LAPIC (acpi_id[0xff] lapic_id[0xff] disabled)
[    0.000000] ACPI: LAPIC (acpi_id[0xff] lapic_id[0xff] disabled)
[    0.000000] ACPI: LAPIC (acpi_id[0xff] lapic_id[0xff] disabled)
[    0.000000] ACPI: LAPIC (acpi_id[0xff] lapic_id[0xff] disabled)
[    0.000000] ACPI: LAPIC (acpi_id[0xff] lapic_id[0xff] disabled)
[    0.000000] ACPI: LAPIC (acpi_id[0xff] lapic_id[0xff] disabled)
[    0.000000] ACPI: LAPIC (acpi_id[0xff] lapic_id[0xff] disabled)
[    0.000000] ACPI: LAPIC (acpi_id[0xff] lapic_id[0xff] disabled)
[    0.000000] ACPI: LAPIC (acpi_id[0xff] lapic_id[0xff] disabled)
[    0.000000] ACPI: LAPIC (acpi_id[0xff] lapic_id[0xff] disabled)
[    0.000000] ACPI: LAPIC (acpi_id[0xff] lapic_id[0xff] disabled)
[    0.000000] ACPI: LAPIC (acpi_id[0xff] lapic_id[0xff] disabled)
[    0.000000] ACPI: LAPIC (acpi_id[0xff] lapic_id[0xff] disabled)
[    0.000000] ACPI: LAPIC (acpi_id[0xff] lapic_id[0xff] disabled)
[    0.000000] ACPI: LAPIC (acpi_id[0xff] lapic_id[0xff] disabled)
[    0.000000] ACPI: LAPIC (acpi_id[0xff] lapic_id[0xff] disabled)
[    0.000000] ACPI: LAPIC_NMI (acpi_id[0x00] high level lint[0x1])
[    0.000000] ACPI: LAPIC_NMI (acpi_id[0x01] high level lint[0x1])
[    0.000000] ACPI: LAPIC_NMI (acpi_id[0x02] high level lint[0x1])
[    0.000000] ACPI: LAPIC_NMI (acpi_id[0x03] high level lint[0x1])
[    0.000000] ACPI: LAPIC_NMI (acpi_id[0x04] high level lint[0x1])
[    0.000000] ACPI: LAPIC_NMI (acpi_id[0x05] high level lint[0x1])
[    0.000000] ACPI: LAPIC_NMI (acpi_id[0x06] high level lint[0x1])
[    0.000000] ACPI: LAPIC_NMI (acpi_id[0x07] high level lint[0x1])
[    0.000000] ACPI: LAPIC_NMI (acpi_id[0x08] high level lint[0x1])
[    0.000000] ACPI: LAPIC_NMI (acpi_id[0x09] high level lint[0x1])
[    0.000000] ACPI: LAPIC_NMI (acpi_id[0x0a] high level lint[0x1])
[    0.000000] ACPI: LAPIC_NMI (acpi_id[0x0b] high level lint[0x1])
[    0.000000] ACPI: LAPIC_NMI (acpi_id[0x0c] high level lint[0x1])
[    0.000000] ACPI: LAPIC_NMI (acpi_id[0x0d] high level lint[0x1])
[    0.000000] ACPI: LAPIC_NMI (acpi_id[0x0e] high level lint[0x1])
[    0.000000] ACPI: LAPIC_NMI (acpi_id[0x0f] high level lint[0x1])
[    0.000000] ACPI: LAPIC_NMI (acpi_id[0x10] high level lint[0x1])
[    0.000000] ACPI: LAPIC_NMI (acpi_id[0x11] high level lint[0x1])
[    0.000000] ACPI: LAPIC_NMI (acpi_id[0x12] high level lint[0x1])
[    0.000000] ACPI: LAPIC_NMI (acpi_id[0x13] high level lint[0x1])
[    0.000000] ACPI: LAPIC_NMI (acpi_id[0x14] high level lint[0x1])
[    0.000000] ACPI: LAPIC_NMI (acpi_id[0x15] high level lint[0x1])
[    0.000000] ACPI: LAPIC_NMI (acpi_id[0x16] high level lint[0x1])
[    0.000000] ACPI: LAPIC_NMI (acpi_id[0x17] high level lint[0x1])
[    0.000000] ACPI: LAPIC_NMI (acpi_id[0x18] high level lint[0x1])
[    0.000000] ACPI: LAPIC_NMI (acpi_id[0x19] high level lint[0x1])
[    0.000000] ACPI: LAPIC_NMI (acpi_id[0x1a] high level lint[0x1])
[    0.000000] ACPI: LAPIC_NMI (acpi_id[0x1b] high level lint[0x1])
[    0.000000] ACPI: LAPIC_NMI (acpi_id[0x1c] high level lint[0x1])
[    0.000000] ACPI: LAPIC_NMI (acpi_id[0x1d] high level lint[0x1])
[    0.000000] ACPI: LAPIC_NMI (acpi_id[0x1e] high level lint[0x1])
[    0.000000] ACPI: LAPIC_NMI (acpi_id[0x1f] high level lint[0x1])
[    0.000000] ACPI: LAPIC_NMI (acpi_id[0x20] high level lint[0x1])
[    0.000000] ACPI: LAPIC_NMI (acpi_id[0x21] high level lint[0x1])
[    0.000000] ACPI: LAPIC_NMI (acpi_id[0x22] high level lint[0x1])
[    0.000000] ACPI: LAPIC_NMI (acpi_id[0x23] high level lint[0x1])
[    0.000000] ACPI: LAPIC_NMI (acpi_id[0x24] high level lint[0x1])
[    0.000000] ACPI: LAPIC_NMI (acpi_id[0x25] high level lint[0x1])
[    0.000000] ACPI: LAPIC_NMI (acpi_id[0x26] high level lint[0x1])
[    0.000000] ACPI: LAPIC_NMI (acpi_id[0x27] high level lint[0x1])
[    0.000000] ACPI: LAPIC_NMI (acpi_id[0x28] high level lint[0x1])
[    0.000000] ACPI: LAPIC_NMI (acpi_id[0x29] high level lint[0x1])
[    0.000000] ACPI: LAPIC_NMI (acpi_id[0x2a] high level lint[0x1])
[    0.000000] ACPI: LAPIC_NMI (acpi_id[0x2b] high level lint[0x1])
[    0.000000] ACPI: LAPIC_NMI (acpi_id[0x2c] high level lint[0x1])
[    0.000000] ACPI: LAPIC_NMI (acpi_id[0x2d] high level lint[0x1])
[    0.000000] ACPI: LAPIC_NMI (acpi_id[0x2e] high level lint[0x1])
[    0.000000] ACPI: LAPIC_NMI (acpi_id[0x2f] high level lint[0x1])
[    0.000000] ACPI: LAPIC_NMI (acpi_id[0x30] high level lint[0x1])
[    0.000000] ACPI: LAPIC_NMI (acpi_id[0x31] high level lint[0x1])
[    0.000000] ACPI: LAPIC_NMI (acpi_id[0x32] high level lint[0x1])
[    0.000000] ACPI: LAPIC_NMI (acpi_id[0x33] high level lint[0x1])
[    0.000000] ACPI: LAPIC_NMI (acpi_id[0x34] high level lint[0x1])
[    0.000000] ACPI: LAPIC_NMI (acpi_id[0x35] high level lint[0x1])
[    0.000000] ACPI: LAPIC_NMI (acpi_id[0x36] high level lint[0x1])
[    0.000000] ACPI: LAPIC_NMI (acpi_id[0x37] high level lint[0x1])
[    0.000000] ACPI: LAPIC_NMI (acpi_id[0x38] high level lint[0x1])
[    0.000000] ACPI: LAPIC_NMI (acpi_id[0x39] high level lint[0x1])
[    0.000000] ACPI: LAPIC_NMI (acpi_id[0x3a] high level lint[0x1])
[    0.000000] ACPI: LAPIC_NMI (acpi_id[0x3b] high level lint[0x1])
[    0.000000] ACPI: LAPIC_NMI (acpi_id[0x3c] high level lint[0x1])
[    0.000000] ACPI: LAPIC_NMI (acpi_id[0x3d] high level lint[0x1])
[    0.000000] ACPI: LAPIC_NMI (acpi_id[0x3e] high level lint[0x1])
[    0.000000] ACPI: LAPIC_NMI (acpi_id[0x3f] high level lint[0x1])
[    0.000000] ACPI: LAPIC_NMI (acpi_id[0x40] high level lint[0x1])
[    0.000000] ACPI: LAPIC_NMI (acpi_id[0x41] high level lint[0x1])
[    0.000000] ACPI: LAPIC_NMI (acpi_id[0x42] high level lint[0x1])
[    0.000000] ACPI: LAPIC_NMI (acpi_id[0x43] high level lint[0x1])
[    0.000000] ACPI: LAPIC_NMI (acpi_id[0x44] high level lint[0x1])
[    0.000000] ACPI: LAPIC_NMI (acpi_id[0x45] high level lint[0x1])
[    0.000000] ACPI: LAPIC_NMI (acpi_id[0x46] high level lint[0x1])
[    0.000000] ACPI: LAPIC_NMI (acpi_id[0x47] high level lint[0x1])
[    0.000000] ACPI: LAPIC_NMI (acpi_id[0x48] high level lint[0x1])
[    0.000000] ACPI: LAPIC_NMI (acpi_id[0x49] high level lint[0x1])
[    0.000000] ACPI: LAPIC_NMI (acpi_id[0x4a] high level lint[0x1])
[    0.000000] ACPI: LAPIC_NMI (acpi_id[0x4b] high level lint[0x1])
[    0.000000] ACPI: LAPIC_NMI (acpi_id[0x4c] high level lint[0x1])
[    0.000000] ACPI: LAPIC_NMI (acpi_id[0x4d] high level lint[0x1])
[    0.000000] ACPI: LAPIC_NMI (acpi_id[0x4e] high level lint[0x1])
[    0.000000] ACPI: LAPIC_NMI (acpi_id[0x4f] high level lint[0x1])
[    0.000000] ACPI: LAPIC_NMI (acpi_id[0x50] high level lint[0x1])
[    0.000000] ACPI: LAPIC_NMI (acpi_id[0x51] high level lint[0x1])
[    0.000000] ACPI: LAPIC_NMI (acpi_id[0x52] high level lint[0x1])
[    0.000000] ACPI: LAPIC_NMI (acpi_id[0x53] high level lint[0x1])
[    0.000000] ACPI: LAPIC_NMI (acpi_id[0x54] high level lint[0x1])
[    0.000000] ACPI: LAPIC_NMI (acpi_id[0x55] high level lint[0x1])
[    0.000000] ACPI: LAPIC_NMI (acpi_id[0x56] high level lint[0x1])
[    0.000000] ACPI: LAPIC_NMI (acpi_id[0x57] high level lint[0x1])
[    0.000000] ACPI: LAPIC_NMI (acpi_id[0x58] high level lint[0x1])
[    0.000000] ACPI: LAPIC_NMI (acpi_id[0x59] high level lint[0x1])
[    0.000000] ACPI: LAPIC_NMI (acpi_id[0x5a] high level lint[0x1])
[    0.000000] ACPI: LAPIC_NMI (acpi_id[0x5b] high level lint[0x1])
[    0.000000] ACPI: LAPIC_NMI (acpi_id[0x5c] high level lint[0x1])
[    0.000000] ACPI: LAPIC_NMI (acpi_id[0x5d] high level lint[0x1])
[    0.000000] ACPI: LAPIC_NMI (acpi_id[0x5e] high level lint[0x1])
[    0.000000] ACPI: LAPIC_NMI (acpi_id[0x5f] high level lint[0x1])
[    0.000000] ACPI: LAPIC_NMI (acpi_id[0x60] high level lint[0x1])
[    0.000000] ACPI: LAPIC_NMI (acpi_id[0x61] high level lint[0x1])
[    0.000000] ACPI: LAPIC_NMI (acpi_id[0x62] high level lint[0x1])
[    0.000000] ACPI: LAPIC_NMI (acpi_id[0x63] high level lint[0x1])
[    0.000000] ACPI: LAPIC_NMI (acpi_id[0x64] high level lint[0x1])
[    0.000000] ACPI: LAPIC_NMI (acpi_id[0x65] high level lint[0x1])
[    0.000000] ACPI: LAPIC_NMI (acpi_id[0x66] high level lint[0x1])
[    0.000000] ACPI: LAPIC_NMI (acpi_id[0x67] high level lint[0x1])
[    0.000000] ACPI: LAPIC_NMI (acpi_id[0x68] high level lint[0x1])
[    0.000000] ACPI: LAPIC_NMI (acpi_id[0x69] high level lint[0x1])
[    0.000000] ACPI: LAPIC_NMI (acpi_id[0x6a] high level lint[0x1])
[    0.000000] ACPI: LAPIC_NMI (acpi_id[0x6b] high level lint[0x1])
[    0.000000] ACPI: LAPIC_NMI (acpi_id[0x6c] high level lint[0x1])
[    0.000000] ACPI: LAPIC_NMI (acpi_id[0x6d] high level lint[0x1])
[    0.000000] ACPI: LAPIC_NMI (acpi_id[0x6e] high level lint[0x1])
[    0.000000] ACPI: LAPIC_NMI (acpi_id[0x6f] high level lint[0x1])
[    0.000000] ACPI: LAPIC_NMI (acpi_id[0x70] high level lint[0x1])
[    0.000000] ACPI: LAPIC_NMI (acpi_id[0x71] high level lint[0x1])
[    0.000000] ACPI: LAPIC_NMI (acpi_id[0x72] high level lint[0x1])
[    0.000000] ACPI: LAPIC_NMI (acpi_id[0x73] high level lint[0x1])
[    0.000000] ACPI: LAPIC_NMI (acpi_id[0x74] high level lint[0x1])
[    0.000000] ACPI: LAPIC_NMI (acpi_id[0x75] high level lint[0x1])
[    0.000000] ACPI: LAPIC_NMI (acpi_id[0x76] high level lint[0x1])
[    0.000000] ACPI: LAPIC_NMI (acpi_id[0x77] high level lint[0x1])
[    0.000000] ACPI: LAPIC_NMI (acpi_id[0x78] high level lint[0x1])
[    0.000000] ACPI: LAPIC_NMI (acpi_id[0x79] high level lint[0x1])
[    0.000000] ACPI: LAPIC_NMI (acpi_id[0x7a] high level lint[0x1])
[    0.000000] ACPI: LAPIC_NMI (acpi_id[0x7b] high level lint[0x1])
[    0.000000] ACPI: LAPIC_NMI (acpi_id[0x7c] high level lint[0x1])
[    0.000000] ACPI: LAPIC_NMI (acpi_id[0x7d] high level lint[0x1])
[    0.000000] ACPI: LAPIC_NMI (acpi_id[0x7e] high level lint[0x1])
[    0.000000] ACPI: LAPIC_NMI (acpi_id[0x7f] high level lint[0x1])
[    0.000000] ACPI: LAPIC_NMI (acpi_id[0x80] high level lint[0x1])
[    0.000000] ACPI: LAPIC_NMI (acpi_id[0x81] high level lint[0x1])
[    0.000000] ACPI: LAPIC_NMI (acpi_id[0x82] high level lint[0x1])
[    0.000000] ACPI: LAPIC_NMI (acpi_id[0x83] high level lint[0x1])
[    0.000000] ACPI: LAPIC_NMI (acpi_id[0x84] high level lint[0x1])
[    0.000000] ACPI: LAPIC_NMI (acpi_id[0x85] high level lint[0x1])
[    0.000000] ACPI: LAPIC_NMI (acpi_id[0x86] high level lint[0x1])
[    0.000000] ACPI: LAPIC_NMI (acpi_id[0x87] high level lint[0x1])
[    0.000000] ACPI: LAPIC_NMI (acpi_id[0x88] high level lint[0x1])
[    0.000000] ACPI: LAPIC_NMI (acpi_id[0x89] high level lint[0x1])
[    0.000000] ACPI: LAPIC_NMI (acpi_id[0x8a] high level lint[0x1])
[    0.000000] ACPI: LAPIC_NMI (acpi_id[0x8b] high level lint[0x1])
[    0.000000] ACPI: LAPIC_NMI (acpi_id[0x8c] high level lint[0x1])
[    0.000000] ACPI: LAPIC_NMI (acpi_id[0x8d] high level lint[0x1])
[    0.000000] ACPI: LAPIC_NMI (acpi_id[0x8e] high level lint[0x1])
[    0.000000] ACPI: LAPIC_NMI (acpi_id[0x8f] high level lint[0x1])
[    0.000000] ACPI: LAPIC_NMI (acpi_id[0x90] high level lint[0x1])
[    0.000000] ACPI: LAPIC_NMI (acpi_id[0x91] high level lint[0x1])
[    0.000000] ACPI: LAPIC_NMI (acpi_id[0x92] high level lint[0x1])
[    0.000000] ACPI: LAPIC_NMI (acpi_id[0x93] high level lint[0x1])
[    0.000000] ACPI: LAPIC_NMI (acpi_id[0x94] high level lint[0x1])
[    0.000000] ACPI: LAPIC_NMI (acpi_id[0x95] high level lint[0x1])
[    0.000000] ACPI: LAPIC_NMI (acpi_id[0x96] high level lint[0x1])
[    0.000000] ACPI: LAPIC_NMI (acpi_id[0x97] high level lint[0x1])
[    0.000000] ACPI: LAPIC_NMI (acpi_id[0x98] high level lint[0x1])
[    0.000000] ACPI: LAPIC_NMI (acpi_id[0x99] high level lint[0x1])
[    0.000000] ACPI: LAPIC_NMI (acpi_id[0x9a] high level lint[0x1])
[    0.000000] ACPI: LAPIC_NMI (acpi_id[0x9b] high level lint[0x1])
[    0.000000] ACPI: LAPIC_NMI (acpi_id[0x9c] high level lint[0x1])
[    0.000000] ACPI: LAPIC_NMI (acpi_id[0x9d] high level lint[0x1])
[    0.000000] ACPI: LAPIC_NMI (acpi_id[0x9e] high level lint[0x1])
[    0.000000] ACPI: LAPIC_NMI (acpi_id[0x9f] high level lint[0x1])
[    0.000000] ACPI: LAPIC_NMI (acpi_id[0xa0] high level lint[0x1])
[    0.000000] ACPI: LAPIC_NMI (acpi_id[0xa1] high level lint[0x1])
[    0.000000] ACPI: LAPIC_NMI (acpi_id[0xa2] high level lint[0x1])
[    0.000000] ACPI: LAPIC_NMI (acpi_id[0xa3] high level lint[0x1])
[    0.000000] ACPI: LAPIC_NMI (acpi_id[0xa4] high level lint[0x1])
[    0.000000] ACPI: LAPIC_NMI (acpi_id[0xa5] high level lint[0x1])
[    0.000000] ACPI: LAPIC_NMI (acpi_id[0xa6] high level lint[0x1])
[    0.000000] ACPI: LAPIC_NMI (acpi_id[0xa7] high level lint[0x1])
[    0.000000] ACPI: LAPIC_NMI (acpi_id[0xa8] high level lint[0x1])
[    0.000000] ACPI: LAPIC_NMI (acpi_id[0xa9] high level lint[0x1])
[    0.000000] ACPI: LAPIC_NMI (acpi_id[0xaa] high level lint[0x1])
[    0.000000] ACPI: LAPIC_NMI (acpi_id[0xab] high level lint[0x1])
[    0.000000] ACPI: LAPIC_NMI (acpi_id[0xac] high level lint[0x1])
[    0.000000] ACPI: LAPIC_NMI (acpi_id[0xad] high level lint[0x1])
[    0.000000] ACPI: LAPIC_NMI (acpi_id[0xae] high level lint[0x1])
[    0.000000] ACPI: LAPIC_NMI (acpi_id[0xaf] high level lint[0x1])
[    0.000000] ACPI: LAPIC_NMI (acpi_id[0xb0] high level lint[0x1])
[    0.000000] ACPI: LAPIC_NMI (acpi_id[0xb1] high level lint[0x1])
[    0.000000] ACPI: LAPIC_NMI (acpi_id[0xb2] high level lint[0x1])
[    0.000000] ACPI: LAPIC_NMI (acpi_id[0xb3] high level lint[0x1])
[    0.000000] ACPI: LAPIC_NMI (acpi_id[0xb4] high level lint[0x1])
[    0.000000] ACPI: LAPIC_NMI (acpi_id[0xb5] high level lint[0x1])
[    0.000000] ACPI: LAPIC_NMI (acpi_id[0xb6] high level lint[0x1])
[    0.000000] ACPI: LAPIC_NMI (acpi_id[0xb7] high level lint[0x1])
[    0.000000] ACPI: LAPIC_NMI (acpi_id[0xb8] high level lint[0x1])
[    0.000000] ACPI: LAPIC_NMI (acpi_id[0xb9] high level lint[0x1])
[    0.000000] ACPI: LAPIC_NMI (acpi_id[0xba] high level lint[0x1])
[    0.000000] ACPI: LAPIC_NMI (acpi_id[0xbb] high level lint[0x1])
[    0.000000] ACPI: LAPIC_NMI (acpi_id[0xbc] high level lint[0x1])
[    0.000000] ACPI: LAPIC_NMI (acpi_id[0xbd] high level lint[0x1])
[    0.000000] ACPI: LAPIC_NMI (acpi_id[0xbe] high level lint[0x1])
[    0.000000] ACPI: LAPIC_NMI (acpi_id[0xbf] high level lint[0x1])
[    0.000000] ACPI: IOAPIC (id[0x08] address[0xfec00000] gsi_base[0])
[    0.000000] IOAPIC[0]: apic_id 8, version 32, address 0xfec00000, GSI 0-23
[    0.000000] ACPI: IOAPIC (id[0x09] address[0xfec01000] gsi_base[24])
[    0.000000] IOAPIC[1]: apic_id 9, version 32, address 0xfec01000, GSI 24-47
[    0.000000] ACPI: IOAPIC (id[0x0a] address[0xfec40000] gsi_base[48])
[    0.000000] IOAPIC[2]: apic_id 10, version 32, address 0xfec40000, GSI 48-71
[    0.000000] ACPI: INT_SRC_OVR (bus 0 bus_irq 0 global_irq 2 dfl dfl)
[    0.000000] ACPI: INT_SRC_OVR (bus 0 bus_irq 9 global_irq 9 high level)
[    0.000000] ACPI: IRQ0 used by override.
[    0.000000] ACPI: IRQ2 used by override.
[    0.000000] ACPI: IRQ9 used by override.
[    0.000000] Using ACPI (MADT) for SMP configuration information
[    0.000000] ACPI: HPET id: 0x8086a701 base: 0xfed00000
[    0.000000] smpboot: Allowing 192 CPUs, 180 hotplug CPUs
[    0.000000] nr_irqs_gsi: 88
[    0.000000] PM: Registered nosave memory: [mem 0x0009c000-0x0009ffff]
[    0.000000] PM: Registered nosave memory: [mem 0x000a0000-0x000dffff]
[    0.000000] PM: Registered nosave memory: [mem 0x000e0000-0x000fffff]
[    0.000000] PM: Registered nosave memory: [mem 0x7a289000-0x7af0afff]
[    0.000000] PM: Registered nosave memory: [mem 0x7af0b000-0x7b93afff]
[    0.000000] PM: Registered nosave memory: [mem 0x7b93b000-0x7bab6fff]
[    0.000000] PM: Registered nosave memory: [mem 0x7bae9000-0x7bafefff]
[    0.000000] PM: Registered nosave memory: [mem 0x7bb00000-0x8fffffff]
[    0.000000] PM: Registered nosave memory: [mem 0x90000000-0xfeda7fff]
[    0.000000] PM: Registered nosave memory: [mem 0xfeda8000-0xfedabfff]
[    0.000000] PM: Registered nosave memory: [mem 0xfedac000-0xff30ffff]
[    0.000000] PM: Registered nosave memory: [mem 0xff310000-0xffffffff]
[    0.000000] e820: [mem 0x90000000-0xfeda7fff] available for PCI devices
[    0.000000] Booting paravirtualized kernel on bare hardware
[    0.000000] setup_percpu: NR_CPUS:256 nr_cpumask_bits:256 nr_cpu_ids:192 nr_node_ids:2
[    0.000000] PERCPU: Embedded 29 pages/cpu @ffff88085f200000 s86336 r8192 d24256 u131072
[    0.000000] pcpu-alloc: s86336 r8192 d24256 u131072 alloc=1*2097152
[    0.000000] pcpu-alloc: [0] 000 002 004 006 008 010 012 014 016 018 020 022 024 026 028 030 
[    0.000000] pcpu-alloc: [0] 032 034 036 038 040 042 044 046 048 050 052 054 056 058 060 062 
[    0.000000] pcpu-alloc: [0] 064 066 068 070 072 074 076 078 080 082 084 086 088 090 092 094 
[    0.000000] pcpu-alloc: [0] 096 098 100 102 104 106 108 110 112 114 116 118 120 122 124 126 
[    0.000000] pcpu-alloc: [0] 128 130 132 134 136 138 140 142 144 146 148 150 152 154 156 158 
[    0.000000] pcpu-alloc: [0] 160 162 164 166 168 170 172 174 176 178 180 182 184 186 188 190 
[    0.000000] pcpu-alloc: [1] 001 003 005 007 009 011 013 015 017 019 021 023 025 027 029 031 
[    0.000000] pcpu-alloc: [1] 033 035 037 039 041 043 045 047 049 051 053 055 057 059 061 063 
[    0.000000] pcpu-alloc: [1] 065 067 069 071 073 075 077 079 081 083 085 087 089 091 093 095 
[    0.000000] pcpu-alloc: [1] 097 099 101 103 105 107 109 111 113 115 117 119 121 123 125 127 
[    0.000000] pcpu-alloc: [1] 129 131 133 135 137 139 141 143 145 147 149 151 153 155 157 159 
[    0.000000] pcpu-alloc: [1] 161 163 165 167 169 171 173 175 177 179 181 183 185 187 189 191 
[    0.000000] Built 2 zonelists in Zone order, mobility grouping on.  Total pages: 16491447
[    0.000000] Policy zone: Normal
[    0.000000] Kernel command line: BOOT_IMAGE=/boot/vmlinuz-3.13.0-32-generic root=UUID=71543f20-29e9-4581-90f4-19df64ab50a7 ro quiet splash nomdmonddf nomdmonisw vt.handoff=7
[    0.000000] PID hash table entries: 4096 (order: 3, 32768 bytes)
[    0.000000] xsave: enabled xstate_bv 0x7, cntxt size 0x340
[    0.000000] Checking aperture...
[    0.000000] No AGP bridge found
[    0.000000] Calgary: detecting Calgary via BIOS EBDA area
[    0.000000] Calgary: Unable to locate Rio Grande table in EBDA - bailing!
[    0.000000] Memory: 65839400K/67012956K available (7363K kernel code, 1142K rwdata, 3400K rodata, 1336K init, 1440K bss, 1173556K reserved)
[    0.000000] SLUB: HWalign=64, Order=0-3, MinObjects=0, CPUs=192, Nodes=2
[    0.000000] Hierarchical RCU implementation.
[    0.000000] 	RCU dyntick-idle grace-period acceleration is enabled.
[    0.000000] 	RCU restricting CPUs from NR_CPUS=256 to nr_cpu_ids=192.
[    0.000000] 	Offload RCU callbacks from all CPUs
[    0.000000] 	Offload RCU callbacks from CPUs: 0-191.
[    0.000000] NR_IRQS:16640 nr_irqs:3032 16
[    0.000000] Console: colour dummy device 80x25
[    0.000000] console [tty0] enabled
[    0.000000] allocated 268435456 bytes of page_cgroup
[    0.000000] please try 'cgroup_disable=memory' option if you don't want memory cgroups
[    0.000000] Enabling automatic NUMA balancing. Configure with numa_balancing= or the kernel.numa_balancing sysctl
[    0.000000] hpet clockevent registered
[    0.000000] tsc: Fast TSC calibration using PIT
[    0.004000] tsc: Detected 1899.944 MHz processor
[    0.000067] Calibrating delay loop (skipped), value calculated using timer frequency.. 3799.88 BogoMIPS (lpj=7599776)
[    0.000070] pid_max: default: 196608 minimum: 1536
[    0.000650] Security Framework initialized
[    0.000851] AppArmor: AppArmor initialized
[    0.000852] Yama: becoming mindful.
[    0.006247] Dentry cache hash table entries: 8388608 (order: 14, 67108864 bytes)
[    0.024894] Inode-cache hash table entries: 4194304 (order: 13, 33554432 bytes)
[    0.032971] Mount-cache hash table entries: 131072 (order: 8, 1048576 bytes)
[    0.033072] Mountpoint-cache hash table entries: 131072 (order: 8, 1048576 bytes)
[    0.035058] Initializing cgroup subsys memory
[    0.035103] Initializing cgroup subsys devices
[    0.035105] Initializing cgroup subsys freezer
[    0.035107] Initializing cgroup subsys blkio
[    0.035109] Initializing cgroup subsys perf_event
[    0.035147] Initializing cgroup subsys hugetlb
[    0.035270] CPU: Physical Processor ID: 0
[    0.035271] CPU: Processor Core ID: 0
[    0.035276] ENERGY_PERF_BIAS: Set to 'normal', was 'performance'
[    0.035276] ENERGY_PERF_BIAS: View and update with x86_energy_perf_policy(8)
[    0.036295] mce: CPU supports 22 MCE banks
[    0.036345] CPU0: Thermal monitoring enabled (TM1)
[    0.036385] Last level iTLB entries: 4KB 0, 2MB 0, 4MB 0
[    0.036385] Last level dTLB entries: 4KB 64, 2MB 0, 4MB 0
[    0.036385] tlb_flushall_shift: 6
[    0.036560] Freeing SMP alternatives memory: 32K (ffffffff81e6d000 - ffffffff81e75000)
[    0.037761] ACPI: Core revision 20131115
[    0.138987] ACPI: All ACPI Tables successfully acquired
[    0.140411] ftrace: allocating 28495 entries in 112 pages
[    0.155656] dmar: Host address width 46
[    0.155658] dmar: DRHD base: 0x000000fbffc000 flags: 0x0
[    0.155666] dmar: IOMMU 0: reg_base_addr fbffc000 ver 1:0 cap d2078c106f0466 ecap f020df
[    0.155668] dmar: DRHD base: 0x000000c7ffc000 flags: 0x1
[    0.155673] dmar: IOMMU 1: reg_base_addr c7ffc000 ver 1:0 cap d2078c106f0466 ecap f020df
[    0.155675] dmar: RMRR base: 0x0000007ae07000 end: 0x0000007af06fff
[    0.155676] dmar: ATSR flags: 0x0
[    0.155677] dmar: ATSR flags: 0x0
[    0.155803] IOAPIC id 10 under DRHD base  0xfbffc000 IOMMU 0
[    0.155805] IOAPIC id 8 under DRHD base  0xc7ffc000 IOMMU 1
[    0.155806] IOAPIC id 9 under DRHD base  0xc7ffc000 IOMMU 1
[    0.155807] HPET id 0 under DRHD base 0xc7ffc000
[    0.155809] Your BIOS is broken and requested that x2apic be disabled.
[    0.155809] This will slightly decrease performance.
[    0.155809] Use 'intremap=no_x2apic_optout' to override BIOS request.
[    0.156373] Enabled IRQ remapping in xapic mode
[    0.156374] x2apic not enabled, IRQ remapping is in xapic mode
[    0.156378] Switched APIC routing to physical flat.
[    0.157177] ..TIMER: vector=0x30 apic1=0 pin1=2 apic2=-1 pin2=-1
[    0.196865] smpboot: CPU0: Intel(R) Xeon(R) CPU E5-2609 v3 @ 1.90GHz (fam: 06, model: 3f, stepping: 02)
[    0.196872] TSC deadline timer enabled
[    0.196960] Performance Events: PEBS fmt2+, 16-deep LBR, Haswell events, full-width counters, Intel PMU driver.
[    0.196968] ... version:                3
[    0.196969] ... bit width:              48
[    0.196970] ... generic registers:      8
[    0.196971] ... value mask:             0000ffffffffffff
[    0.196972] ... max period:             0000ffffffffffff
[    0.196973] ... fixed-purpose events:   3
[    0.196974] ... event mask:             00000007000000ff
[    0.206168] x86: Booting SMP configuration:
[    0.321276] NMI watchdog: enabled on all CPUs, permanently consumes one hw-PMU counter.
[    0.206171] .... node  #1, CPUs:          #1
[    0.321434] .... node  #0, CPUs:     #2
[    0.335929] .... node  #1, CPUs:     #3
[    0.350384] .... node  #0, CPUs:     #4
[    0.364863] .... node  #1, CPUs:     #5
[    0.379215] .... node  #0, CPUs:     #6
[    0.393686] .... node  #1, CPUs:     #7
[    0.408138] .... node  #0, CPUs:     #8
[    0.422623] .... node  #1, CPUs:     #9
[    0.437068] .... node  #0, CPUs:    #10
[    0.451535] .... node  #1, CPUs:    #11
[    0.465852] x86: Booted up 2 nodes, 12 CPUs
[    0.465857] smpboot: Total of 12 processors activated (45605.53 BogoMIPS)
[    0.490479] devtmpfs: initialized
[    0.497157] EVM: security.selinux
[    0.497159] EVM: security.SMACK64
[    0.497160] EVM: security.ima
[    0.497161] EVM: security.capability
[    0.497263] PM: Registering ACPI NVS region [mem 0x7af0b000-0x7b93afff] (10682368 bytes)
[    0.498770] pinctrl core: initialized pinctrl subsystem
[    0.498980] regulator-dummy: no parameters
[    0.499018] RTC time: 22:09:58, date: 08/24/18
[    0.499310] NET: Registered protocol family 16
[    0.499450] cpuidle: using governor ladder
[    0.499452] cpuidle: using governor menu
[    0.499529] ACPI FADT declares the system doesn't support PCIe ASPM, so disable it
[    0.499532] ACPI: bus type PCI registered
[    0.499534] acpiphp: ACPI Hot Plug PCI Controller Driver version: 0.5
[    0.499879] PCI: MMCONFIG for domain 0000 [bus 00-ff] at [mem 0x80000000-0x8fffffff] (base 0x80000000)
[    0.499881] PCI: MMCONFIG at [mem 0x80000000-0x8fffffff] reserved in E820
[    0.526917] PCI: Using configuration type 1 for base access
[    0.527231] PCI: Dell System detected, enabling pci=bfsort.
[    0.528227] mtrr: your CPUs had inconsistent variable MTRR settings
[    0.528228] mtrr: probably your BIOS does not setup all CPUs.
[    0.528229] mtrr: corrected configuration.
[    0.529540] bio: create slab <bio-0> at 0
[    0.530705] ACPI: Added _OSI(Module Device)
[    0.530707] ACPI: Added _OSI(Processor Device)
[    0.530708] ACPI: Added _OSI(3.0 _SCP Extensions)
[    0.530710] ACPI: Added _OSI(Processor Aggregator Device)
[    0.706964] [Firmware Bug]: ACPI: BIOS _OSI(Linux) query ignored
[    0.709974] ACPI: Interpreter enabled
[    0.709980] ACPI Exception: AE_NOT_FOUND, While evaluating Sleep State [\_S1_] (20131115/hwxface-580)
[    0.709985] ACPI Exception: AE_NOT_FOUND, While evaluating Sleep State [\_S2_] (20131115/hwxface-580)
[    0.709988] ACPI Exception: AE_NOT_FOUND, While evaluating Sleep State [\_S3_] (20131115/hwxface-580)
[    0.709992] ACPI Exception: AE_NOT_FOUND, While evaluating Sleep State [\_S4_] (20131115/hwxface-580)
[    0.709998] ACPI: (supports S0 S5)
[    0.709999] ACPI: Using IOAPIC for interrupt routing
[    0.710066] HEST: Table parsing has been initialized.
[    0.710070] PCI: Using host bridge windows from ACPI; if necessary, use "pci=nocrs" and report a bug
[    0.710380] ACPI: No dock devices found.
[    0.721491] ACPI: PCI Root Bridge [UNC1] (domain 0000 [bus ff])
[    0.721497] acpi PNP0A03:00: _OSC: OS supports [ExtendedConfig ASPM ClockPM Segments MSI]
[    0.721579] acpi PNP0A03:00: PCIe AER handled by firmware
[    0.721722] acpi PNP0A03:00: _OSC: OS now controls [PCIeHotplug PME PCIeCapability]
[    0.721757] PCI host bridge to bus 0000:ff
[    0.721760] pci_bus 0000:ff: root bus resource [bus ff]
[    0.721772] pci 0000:ff:08.0: [8086:2f80] type 00 class 0x088000
[    0.721834] pci 0000:ff:08.2: [8086:2f32] type 00 class 0x110100
[    0.721890] pci 0000:ff:08.3: [8086:2f83] type 00 class 0x088000
[    0.721943] pci 0000:ff:09.0: [8086:2f90] type 00 class 0x088000
[    0.721991] pci 0000:ff:09.2: [8086:2f33] type 00 class 0x110100
[    0.722038] pci 0000:ff:09.3: [8086:2f93] type 00 class 0x088000
[    0.722090] pci 0000:ff:0b.0: [8086:2f81] type 00 class 0x088000
[    0.722133] pci 0000:ff:0b.1: [8086:2f36] type 00 class 0x110100
[    0.722175] pci 0000:ff:0b.2: [8086:2f37] type 00 class 0x110100
[    0.722222] pci 0000:ff:0c.0: [8086:2fe0] type 00 class 0x088000
[    0.722263] pci 0000:ff:0c.1: [8086:2fe1] type 00 class 0x088000
[    0.722305] pci 0000:ff:0c.2: [8086:2fe2] type 00 class 0x088000
[    0.722345] pci 0000:ff:0c.3: [8086:2fe3] type 00 class 0x088000
[    0.722387] pci 0000:ff:0c.4: [8086:2fe4] type 00 class 0x088000
[    0.722428] pci 0000:ff:0c.5: [8086:2fe5] type 00 class 0x088000
[    0.722473] pci 0000:ff:0f.0: [8086:2ff8] type 00 class 0x088000
[    0.722514] pci 0000:ff:0f.1: [8086:2ff9] type 00 class 0x088000
[    0.722557] pci 0000:ff:0f.2: [8086:2ffa] type 00 class 0x088000
[    0.722598] pci 0000:ff:0f.3: [8086:2ffb] type 00 class 0x088000
[    0.722639] pci 0000:ff:0f.4: [8086:2ffc] type 00 class 0x088000
[    0.722681] pci 0000:ff:0f.5: [8086:2ffd] type 00 class 0x088000
[    0.722723] pci 0000:ff:0f.6: [8086:2ffe] type 00 class 0x088000
[    0.722775] pci 0000:ff:10.0: [8086:2f1d] type 00 class 0x088000
[    0.722817] pci 0000:ff:10.1: [8086:2f34] type 00 class 0x110100
[    0.722861] pci 0000:ff:10.5: [8086:2f1e] type 00 class 0x088000
[    0.722904] pci 0000:ff:10.6: [8086:2f7d] type 00 class 0x110100
[    0.722945] pci 0000:ff:10.7: [8086:2f1f] type 00 class 0x088000
[    0.722987] pci 0000:ff:12.0: [8086:2fa0] type 00 class 0x088000
[    0.723031] pci 0000:ff:12.1: [8086:2f30] type 00 class 0x110100
[    0.723075] pci 0000:ff:12.2: [8086:2f70] type 00 class 0x088000
[    0.723119] pci 0000:ff:12.4: [8086:2f60] type 00 class 0x088000
[    0.723166] pci 0000:ff:12.5: [8086:2f38] type 00 class 0x110100
[    0.723213] pci 0000:ff:12.6: [8086:2f78] type 00 class 0x088000
[    0.723262] pci 0000:ff:13.0: [8086:2fa8] type 00 class 0x088000
[    0.723312] pci 0000:ff:13.1: [8086:2f71] type 00 class 0x088000
[    0.723366] pci 0000:ff:13.2: [8086:2faa] type 00 class 0x088000
[    0.723416] pci 0000:ff:13.3: [8086:2fab] type 00 class 0x088000
[    0.723467] pci 0000:ff:13.6: [8086:2fae] type 00 class 0x088000
[    0.723513] pci 0000:ff:13.7: [8086:2faf] type 00 class 0x088000
[    0.723560] pci 0000:ff:14.0: [8086:2fb0] type 00 class 0x088000
[    0.723610] pci 0000:ff:14.1: [8086:2fb1] type 00 class 0x088000
[    0.723660] pci 0000:ff:14.2: [8086:2fb2] type 00 class 0x088000
[    0.723707] pci 0000:ff:14.3: [8086:2fb3] type 00 class 0x088000
[    0.723756] pci 0000:ff:14.4: [8086:2fbc] type 00 class 0x088000
[    0.723809] pci 0000:ff:14.5: [8086:2fbd] type 00 class 0x088000
[    0.723856] pci 0000:ff:14.6: [8086:2fbe] type 00 class 0x088000
[    0.723903] pci 0000:ff:14.7: [8086:2fbf] type 00 class 0x088000
[    0.723952] pci 0000:ff:16.0: [8086:2f68] type 00 class 0x088000
[    0.724003] pci 0000:ff:16.1: [8086:2f79] type 00 class 0x088000
[    0.724056] pci 0000:ff:16.2: [8086:2f6a] type 00 class 0x088000
[    0.724107] pci 0000:ff:16.3: [8086:2f6b] type 00 class 0x088000
[    0.724160] pci 0000:ff:16.6: [8086:2f6e] type 00 class 0x088000
[    0.724208] pci 0000:ff:16.7: [8086:2f6f] type 00 class 0x088000
[    0.724257] pci 0000:ff:17.0: [8086:2fd0] type 00 class 0x088000
[    0.724305] pci 0000:ff:17.1: [8086:2fd1] type 00 class 0x088000
[    0.724357] pci 0000:ff:17.2: [8086:2fd2] type 00 class 0x088000
[    0.724409] pci 0000:ff:17.3: [8086:2fd3] type 00 class 0x088000
[    0.724464] pci 0000:ff:17.4: [8086:2fb8] type 00 class 0x088000
[    0.724513] pci 0000:ff:17.5: [8086:2fb9] type 00 class 0x088000
[    0.724562] pci 0000:ff:17.6: [8086:2fba] type 00 class 0x088000
[    0.724610] pci 0000:ff:17.7: [8086:2fbb] type 00 class 0x088000
[    0.724667] pci 0000:ff:1e.0: [8086:2f98] type 00 class 0x088000
[    0.724720] pci 0000:ff:1e.1: [8086:2f99] type 00 class 0x088000
[    0.724768] pci 0000:ff:1e.2: [8086:2f9a] type 00 class 0x088000
[    0.724816] pci 0000:ff:1e.3: [8086:2fc0] type 00 class 0x088000
[    0.724822] pci 0000:ff:1e.3: reg 0x10: [io  0x0010-0x001f]
[    0.724871] pci 0000:ff:1e.4: [8086:2f9c] type 00 class 0x088000
[    0.724919] pci 0000:ff:1f.0: [8086:2f88] type 00 class 0x088000
[    0.724967] pci 0000:ff:1f.2: [8086:2f8a] type 00 class 0x088000
[    0.725025] acpi PNP0A03:00: Disabling ASPM (FADT indicates it is unsupported)
[    0.725077] ACPI: PCI Root Bridge [UNC0] (domain 0000 [bus 7f])
[    0.725081] acpi PNP0A03:01: _OSC: OS supports [ExtendedConfig ASPM ClockPM Segments MSI]
[    0.725169] acpi PNP0A03:01: PCIe AER handled by firmware
[    0.725329] acpi PNP0A03:01: _OSC: OS now controls [PCIeHotplug PME PCIeCapability]
[    0.725367] PCI host bridge to bus 0000:7f
[    0.725370] pci_bus 0000:7f: root bus resource [bus 7f]
[    0.725378] pci 0000:7f:08.0: [8086:2f80] type 00 class 0x088000
[    0.725427] pci 0000:7f:08.2: [8086:2f32] type 00 class 0x110100
[    0.725474] pci 0000:7f:08.3: [8086:2f83] type 00 class 0x088000
[    0.725525] pci 0000:7f:09.0: [8086:2f90] type 00 class 0x088000
[    0.725570] pci 0000:7f:09.2: [8086:2f33] type 00 class 0x110100
[    0.725618] pci 0000:7f:09.3: [8086:2f93] type 00 class 0x088000
[    0.725666] pci 0000:7f:0b.0: [8086:2f81] type 00 class 0x088000
[    0.725707] pci 0000:7f:0b.1: [8086:2f36] type 00 class 0x110100
[    0.725747] pci 0000:7f:0b.2: [8086:2f37] type 00 class 0x110100
[    0.725787] pci 0000:7f:0c.0: [8086:2fe0] type 00 class 0x088000
[    0.725827] pci 0000:7f:0c.1: [8086:2fe1] type 00 class 0x088000
[    0.725868] pci 0000:7f:0c.2: [8086:2fe2] type 00 class 0x088000
[    0.725910] pci 0000:7f:0c.3: [8086:2fe3] type 00 class 0x088000
[    0.725953] pci 0000:7f:0c.4: [8086:2fe4] type 00 class 0x088000
[    0.725992] pci 0000:7f:0c.5: [8086:2fe5] type 00 class 0x088000
[    0.726041] pci 0000:7f:0f.0: [8086:2ff8] type 00 class 0x088000
[    0.726088] pci 0000:7f:0f.1: [8086:2ff9] type 00 class 0x088000
[    0.726133] pci 0000:7f:0f.2: [8086:2ffa] type 00 class 0x088000
[    0.726175] pci 0000:7f:0f.3: [8086:2ffb] type 00 class 0x088000
[    0.726215] pci 0000:7f:0f.4: [8086:2ffc] type 00 class 0x088000
[    0.726256] pci 0000:7f:0f.5: [8086:2ffd] type 00 class 0x088000
[    0.726297] pci 0000:7f:0f.6: [8086:2ffe] type 00 class 0x088000
[    0.726339] pci 0000:7f:10.0: [8086:2f1d] type 00 class 0x088000
[    0.726381] pci 0000:7f:10.1: [8086:2f34] type 00 class 0x110100
[    0.726425] pci 0000:7f:10.5: [8086:2f1e] type 00 class 0x088000
[    0.726471] pci 0000:7f:10.6: [8086:2f7d] type 00 class 0x110100
[    0.726512] pci 0000:7f:10.7: [8086:2f1f] type 00 class 0x088000
[    0.726557] pci 0000:7f:12.0: [8086:2fa0] type 00 class 0x088000
[    0.726600] pci 0000:7f:12.1: [8086:2f30] type 00 class 0x110100
[    0.726645] pci 0000:7f:12.2: [8086:2f70] type 00 class 0x088000
[    0.726689] pci 0000:7f:12.4: [8086:2f60] type 00 class 0x088000
[    0.726734] pci 0000:7f:12.5: [8086:2f38] type 00 class 0x110100
[    0.726777] pci 0000:7f:12.6: [8086:2f78] type 00 class 0x088000
[    0.726824] pci 0000:7f:13.0: [8086:2fa8] type 00 class 0x088000
[    0.726868] pci 0000:7f:13.1: [8086:2f71] type 00 class 0x088000
[    0.726917] pci 0000:7f:13.2: [8086:2faa] type 00 class 0x088000
[    0.726965] pci 0000:7f:13.3: [8086:2fab] type 00 class 0x088000
[    0.727018] pci 0000:7f:13.6: [8086:2fae] type 00 class 0x088000
[    0.727064] pci 0000:7f:13.7: [8086:2faf] type 00 class 0x088000
[    0.727111] pci 0000:7f:14.0: [8086:2fb0] type 00 class 0x088000
[    0.727160] pci 0000:7f:14.1: [8086:2fb1] type 00 class 0x088000
[    0.727209] pci 0000:7f:14.2: [8086:2fb2] type 00 class 0x088000
[    0.727258] pci 0000:7f:14.3: [8086:2fb3] type 00 class 0x088000
[    0.727307] pci 0000:7f:14.4: [8086:2fbc] type 00 class 0x088000
[    0.727353] pci 0000:7f:14.5: [8086:2fbd] type 00 class 0x088000
[    0.727402] pci 0000:7f:14.6: [8086:2fbe] type 00 class 0x088000
[    0.727445] pci 0000:7f:14.7: [8086:2fbf] type 00 class 0x088000
[    0.727492] pci 0000:7f:16.0: [8086:2f68] type 00 class 0x088000
[    0.727542] pci 0000:7f:16.1: [8086:2f79] type 00 class 0x088000
[    0.727591] pci 0000:7f:16.2: [8086:2f6a] type 00 class 0x088000
[    0.727642] pci 0000:7f:16.3: [8086:2f6b] type 00 class 0x088000
[    0.727693] pci 0000:7f:16.6: [8086:2f6e] type 00 class 0x088000
[    0.727739] pci 0000:7f:16.7: [8086:2f6f] type 00 class 0x088000
[    0.727789] pci 0000:7f:17.0: [8086:2fd0] type 00 class 0x088000
[    0.727842] pci 0000:7f:17.1: [8086:2fd1] type 00 class 0x088000
[    0.727892] pci 0000:7f:17.2: [8086:2fd2] type 00 class 0x088000
[    0.727942] pci 0000:7f:17.3: [8086:2fd3] type 00 class 0x088000
[    0.727991] pci 0000:7f:17.4: [8086:2fb8] type 00 class 0x088000
[    0.728043] pci 0000:7f:17.5: [8086:2fb9] type 00 class 0x088000
[    0.728090] pci 0000:7f:17.6: [8086:2fba] type 00 class 0x088000
[    0.728136] pci 0000:7f:17.7: [8086:2fbb] type 00 class 0x088000
[    0.728191] pci 0000:7f:1e.0: [8086:2f98] type 00 class 0x088000
[    0.728236] pci 0000:7f:1e.1: [8086:2f99] type 00 class 0x088000
[    0.728281] pci 0000:7f:1e.2: [8086:2f9a] type 00 class 0x088000
[    0.728326] pci 0000:7f:1e.3: [8086:2fc0] type 00 class 0x088000
[    0.728332] pci 0000:7f:1e.3: reg 0x10: [io  0x0010-0x001f]
[    0.728374] pci 0000:7f:1e.4: [8086:2f9c] type 00 class 0x088000
[    0.728427] pci 0000:7f:1f.0: [8086:2f88] type 00 class 0x088000
[    0.728474] pci 0000:7f:1f.2: [8086:2f8a] type 00 class 0x088000
[    0.728530] acpi PNP0A03:01: Disabling ASPM (FADT indicates it is unsupported)
[    0.731477] ACPI: PCI Root Bridge [PCI0] (domain 0000 [bus 00-7e])
[    0.731481] acpi PNP0A08:00: _OSC: OS supports [ExtendedConfig ASPM ClockPM Segments MSI]
[    0.731554] acpi PNP0A08:00: PCIe AER handled by firmware
[    0.731695] acpi PNP0A08:00: _OSC: OS now controls [PCIeHotplug PME PCIeCapability]
[    0.731892] PCI host bridge to bus 0000:00
[    0.731895] pci_bus 0000:00: root bus resource [bus 00-7e]
[    0.731897] pci_bus 0000:00: root bus resource [io  0x0000-0x03bb]
[    0.731898] pci_bus 0000:00: root bus resource [io  0x03bc-0x03df]
[    0.731900] pci_bus 0000:00: root bus resource [io  0x03e0-0x0cf7]
[    0.731902] pci_bus 0000:00: root bus resource [io  0x1000-0x7fff]
[    0.731904] pci_bus 0000:00: root bus resource [mem 0x000a0000-0x000bffff]
[    0.731905] pci_bus 0000:00: root bus resource [mem 0x90000000-0xc7ffbfff]
[    0.731907] pci_bus 0000:00: root bus resource [mem 0x38000000000-0x3bfffffffff]
[    0.731915] pci 0000:00:00.0: [8086:2f00] type 00 class 0x060000
[    0.732024] pci 0000:00:01.0: [8086:2f02] type 01 class 0x060400
[    0.732068] pci 0000:00:01.0: PME# supported from D0 D3hot D3cold
[    0.732113] pci 0000:00:01.0: System wakeup disabled by ACPI
[    0.732148] pci 0000:00:02.0: [8086:2f04] type 01 class 0x060400
[    0.732191] pci 0000:00:02.0: PME# supported from D0 D3hot D3cold
[    0.732235] pci 0000:00:02.0: System wakeup disabled by ACPI
[    0.732269] pci 0000:00:02.2: [8086:2f06] type 01 class 0x060400
[    0.732312] pci 0000:00:02.2: PME# supported from D0 D3hot D3cold
[    0.732356] pci 0000:00:02.2: System wakeup disabled by ACPI
[    0.732385] pci 0000:00:03.0: [8086:2f08] type 01 class 0x060400
[    0.732427] pci 0000:00:03.0: PME# supported from D0 D3hot D3cold
[    0.732471] pci 0000:00:03.0: System wakeup disabled by ACPI
[    0.732498] pci 0000:00:03.1: [8086:2f09] type 01 class 0x060400
[    0.732540] pci 0000:00:03.1: PME# supported from D0 D3hot D3cold
[    0.732584] pci 0000:00:03.1: System wakeup disabled by ACPI
[    0.732616] pci 0000:00:03.2: [8086:2f0a] type 01 class 0x060400
[    0.732659] pci 0000:00:03.2: PME# supported from D0 D3hot D3cold
[    0.732702] pci 0000:00:03.2: System wakeup disabled by ACPI
[    0.732735] pci 0000:00:05.0: [8086:2f28] type 00 class 0x088000
[    0.732826] pci 0000:00:05.1: [8086:2f29] type 00 class 0x088000
[    0.732928] pci 0000:00:05.2: [8086:2f2a] type 00 class 0x088000
[    0.733019] pci 0000:00:05.4: [8086:2f2c] type 00 class 0x080020
[    0.733027] pci 0000:00:05.4: reg 0x10: [mem 0x92104000-0x92104fff]
[    0.733137] pci 0000:00:11.0: [8086:8d7c] type 00 class 0xff0000
[    0.733197] pci 0000:00:11.0: reg 0x30: [mem 0xffff0000-0xffffffff pref]
[    0.733305] pci 0000:00:11.4: [8086:8d62] type 00 class 0x010601
[    0.733324] pci 0000:00:11.4: reg 0x10: [io  0x3078-0x307f]
[    0.733333] pci 0000:00:11.4: reg 0x14: [io  0x308c-0x308f]
[    0.733341] pci 0000:00:11.4: reg 0x18: [io  0x3070-0x3077]
[    0.733350] pci 0000:00:11.4: reg 0x1c: [io  0x3088-0x308b]
[    0.733359] pci 0000:00:11.4: reg 0x20: [io  0x3040-0x305f]
[    0.733367] pci 0000:00:11.4: reg 0x24: [mem 0x92101000-0x921017ff]
[    0.733414] pci 0000:00:11.4: PME# supported from D3hot
[    0.733494] pci 0000:00:16.0: [8086:8d3a] type 00 class 0x078000
[    0.733514] pci 0000:00:16.0: reg 0x10: [mem 0x3bffff03000-0x3bffff0300f 64bit]
[    0.733579] pci 0000:00:16.0: PME# supported from D0 D3hot D3cold
[    0.733646] pci 0000:00:16.1: [8086:8d3b] type 00 class 0x078000
[    0.733666] pci 0000:00:16.1: reg 0x10: [mem 0x3bffff02000-0x3bffff0200f 64bit]
[    0.733731] pci 0000:00:16.1: PME# supported from D0 D3hot D3cold
[    0.733812] pci 0000:00:1a.0: [8086:8d2d] type 00 class 0x0c0320
[    0.733833] pci 0000:00:1a.0: reg 0x10: [mem 0x92103000-0x921033ff]
[    0.733924] pci 0000:00:1a.0: PME# supported from D0 D3hot D3cold
[    0.733996] pci 0000:00:1c.0: [8086:8d10] type 01 class 0x060400
[    0.734065] pci 0000:00:1c.0: PME# supported from D0 D3hot D3cold
[    0.734146] pci 0000:00:1c.7: [8086:8d1e] type 01 class 0x060400
[    0.734215] pci 0000:00:1c.7: PME# supported from D0 D3hot D3cold
[    0.734262] pci 0000:00:1c.7: System wakeup disabled by ACPI
[    0.734300] pci 0000:00:1d.0: [8086:8d26] type 00 class 0x0c0320
[    0.734321] pci 0000:00:1d.0: reg 0x10: [mem 0x92102000-0x921023ff]
[    0.734412] pci 0000:00:1d.0: PME# supported from D0 D3hot D3cold
[    0.734488] pci 0000:00:1f.0: [8086:8d44] type 00 class 0x060100
[    0.734658] pci 0000:00:1f.2: [8086:8d02] type 00 class 0x010601
[    0.734674] pci 0000:00:1f.2: reg 0x10: [io  0x3068-0x306f]
[    0.734682] pci 0000:00:1f.2: reg 0x14: [io  0x3084-0x3087]
[    0.734689] pci 0000:00:1f.2: reg 0x18: [io  0x3060-0x3067]
[    0.734697] pci 0000:00:1f.2: reg 0x1c: [io  0x3080-0x3083]
[    0.734704] pci 0000:00:1f.2: reg 0x20: [io  0x3020-0x303f]
[    0.734712] pci 0000:00:1f.2: reg 0x24: [mem 0x92100000-0x921007ff]
[    0.734752] pci 0000:00:1f.2: PME# supported from D3hot
[    0.734859] pci 0000:03:00.0: [1000:005d] type 00 class 0x010400
[    0.734867] pci 0000:03:00.0: reg 0x10: [io  0x2000-0x20ff]
[    0.734875] pci 0000:03:00.0: reg 0x14: [mem 0x92000000-0x9200ffff 64bit]
[    0.734884] pci 0000:03:00.0: reg 0x1c: [mem 0x91f00000-0x91ffffff 64bit]
[    0.734894] pci 0000:03:00.0: reg 0x30: [mem 0xfff00000-0xffffffff pref]
[    0.734933] pci 0000:03:00.0: supports D1 D2
[    0.740739] pci 0000:00:01.0: PCI bridge to [bus 03]
[    0.740742] pci 0000:00:01.0:   bridge window [io  0x2000-0x2fff]
[    0.740745] pci 0000:00:01.0:   bridge window [mem 0x91f00000-0x920fffff]
[    0.740803] pci 0000:04:00.0: [8086:0953] type 00 class 0x010802
[    0.740813] pci 0000:04:00.0: reg 0x10: [mem 0x91e00000-0x91e03fff 64bit]
[    0.740836] pci 0000:04:00.0: reg 0x30: [mem 0xffff0000-0xffffffff pref]
[    0.748741] pci 0000:00:02.0: PCI bridge to [bus 04]
[    0.748745] pci 0000:00:02.0:   bridge window [mem 0x91e00000-0x91efffff]
[    0.748789] pci 0000:05:00.0: [8086:0953] type 00 class 0x010802
[    0.748800] pci 0000:05:00.0: reg 0x10: [mem 0x91d00000-0x91d03fff 64bit]
[    0.748822] pci 0000:05:00.0: reg 0x30: [mem 0xffff0000-0xffffffff pref]
[    0.756745] pci 0000:00:02.2: PCI bridge to [bus 05]
[    0.756749] pci 0000:00:02.2:   bridge window [mem 0x91d00000-0x91dfffff]
[    0.756889] pci 0000:02:00.0: [14e4:165f] type 00 class 0x020000
[    0.756905] pci 0000:02:00.0: reg 0x10: [mem 0x91a30000-0x91a3ffff 64bit pref]
[    0.756917] pci 0000:02:00.0: reg 0x18: [mem 0x91a40000-0x91a4ffff 64bit pref]
[    0.756929] pci 0000:02:00.0: reg 0x20: [mem 0x91a50000-0x91a5ffff 64bit pref]
[    0.756937] pci 0000:02:00.0: reg 0x30: [mem 0xfffc0000-0xffffffff pref]
[    0.756987] pci 0000:02:00.0: PME# supported from D0 D3hot D3cold
[    0.757063] pci 0000:02:00.1: [14e4:165f] type 00 class 0x020000
[    0.757078] pci 0000:02:00.1: reg 0x10: [mem 0x91a00000-0x91a0ffff 64bit pref]
[    0.757090] pci 0000:02:00.1: reg 0x18: [mem 0x91a10000-0x91a1ffff 64bit pref]
[    0.757102] pci 0000:02:00.1: reg 0x20: [mem 0x91a20000-0x91a2ffff 64bit pref]
[    0.757111] pci 0000:02:00.1: reg 0x30: [mem 0xfffc0000-0xffffffff pref]
[    0.757160] pci 0000:02:00.1: PME# supported from D0 D3hot D3cold
[    0.764755] pci 0000:00:03.0: PCI bridge to [bus 02]
[    0.764762] pci 0000:00:03.0:   bridge window [mem 0x91a00000-0x91afffff 64bit pref]
[    0.764833] pci 0000:01:00.0: [14e4:165f] type 00 class 0x020000
[    0.764848] pci 0000:01:00.0: reg 0x10: [mem 0x91b30000-0x91b3ffff 64bit pref]
[    0.764860] pci 0000:01:00.0: reg 0x18: [mem 0x91b40000-0x91b4ffff 64bit pref]
[    0.764872] pci 0000:01:00.0: reg 0x20: [mem 0x91b50000-0x91b5ffff 64bit pref]
[    0.764880] pci 0000:01:00.0: reg 0x30: [mem 0xfffc0000-0xffffffff pref]
[    0.764930] pci 0000:01:00.0: PME# supported from D0 D3hot D3cold
[    0.764988] pci 0000:01:00.1: [14e4:165f] type 00 class 0x020000
[    0.765003] pci 0000:01:00.1: reg 0x10: [mem 0x91b00000-0x91b0ffff 64bit pref]
[    0.765015] pci 0000:01:00.1: reg 0x18: [mem 0x91b10000-0x91b1ffff 64bit pref]
[    0.765027] pci 0000:01:00.1: reg 0x20: [mem 0x91b20000-0x91b2ffff 64bit pref]
[    0.765035] pci 0000:01:00.1: reg 0x30: [mem 0xfffc0000-0xffffffff pref]
[    0.765084] pci 0000:01:00.1: PME# supported from D0 D3hot D3cold
[    0.772760] pci 0000:00:03.1: PCI bridge to [bus 01]
[    0.772766] pci 0000:00:03.1:   bridge window [mem 0x91b00000-0x91bfffff 64bit pref]
[    0.772813] pci 0000:06:00.0: [8086:0953] type 00 class 0x010802
[    0.772824] pci 0000:06:00.0: reg 0x10: [mem 0x91c00000-0x91c03fff 64bit]
[    0.772846] pci 0000:06:00.0: reg 0x30: [mem 0xffff0000-0xffffffff pref]
[    0.780759] pci 0000:00:03.2: PCI bridge to [bus 06]
[    0.780763] pci 0000:00:03.2:   bridge window [mem 0x91c00000-0x91cfffff]
[    0.780812] pci 0000:00:1c.0: PCI bridge to [bus 07]
[    0.781264] pci 0000:08:00.0: [1912:001d] type 01 class 0x060400
[    0.783827] pci 0000:08:00.0: PME# supported from D0 D3hot D3cold
[    0.788858] pci 0000:00:1c.7: PCI bridge to [bus 08-0c]
[    0.788864] pci 0000:00:1c.7:   bridge window [mem 0x91000000-0x919fffff]
[    0.788869] pci 0000:00:1c.7:   bridge window [mem 0x90000000-0x90ffffff 64bit pref]
[    0.790561] pci 0000:09:00.0: [1912:001d] type 01 class 0x060400
[    0.793564] pci 0000:09:00.0: PME# supported from D0 D3hot D3cold
[    0.795984] pci 0000:08:00.0: PCI bridge to [bus 09-0c]
[    0.796188] pci 0000:08:00.0:   bridge window [mem 0x91000000-0x919fffff]
[    0.796321] pci 0000:08:00.0:   bridge window [mem 0x90000000-0x90ffffff 64bit pref]
[    0.798177] pci 0000:0a:00.0: [1912:001a] type 01 class 0x060400
[    0.802223] pci 0000:09:00.0: PCI bridge to [bus 0a-0b]
[    0.802457] pci 0000:09:00.0:   bridge window [mem 0x91000000-0x918fffff]
[    0.802614] pci 0000:09:00.0:   bridge window [mem 0x90000000-0x90ffffff 64bit pref]
[    0.804288] pci 0000:0b:00.0: [102b:0534] type 00 class 0x030000
[    0.804810] pci 0000:0b:00.0: reg 0x10: [mem 0x90000000-0x90ffffff pref]
[    0.805090] pci 0000:0b:00.0: reg 0x14: [mem 0x91800000-0x91803fff]
[    0.805371] pci 0000:0b:00.0: reg 0x18: [mem 0x91000000-0x917fffff]
[    0.809727] pci 0000:0a:00.0: PCI bridge to [bus 0b]
[    0.809968] pci 0000:0a:00.0:   bridge window [mem 0x91000000-0x918fffff]
[    0.810125] pci 0000:0a:00.0:   bridge window [mem 0x90000000-0x90ffffff 64bit pref]
[    0.811156] pci_bus 0000:00: on NUMA node 0 (pxm 0)
[    0.811158] acpi PNP0A08:00: Disabling ASPM (FADT indicates it is unsupported)
[    0.811422] ACPI: PCI Interrupt Link [LNKA] (IRQs 3 4 5 6 7 9 10 11 12 14 *15)
[    0.811474] ACPI: PCI Interrupt Link [LNKB] (IRQs 3 4 5 6 7 9 10 11 12 *14 15)
[    0.811525] ACPI: PCI Interrupt Link [LNKC] (IRQs 3 4 5 6 7 9 10 *11 12 14 15)
[    0.811572] ACPI: PCI Interrupt Link [LNKD] (IRQs 3 4 5 *6 7 9 10 11 12 14 15)
[    0.811620] ACPI: PCI Interrupt Link [LNKE] (IRQs 3 4 5 6 7 9 10 11 12 14 15) *0, disabled.
[    0.811668] ACPI: PCI Interrupt Link [LNKF] (IRQs 3 4 5 6 7 9 10 11 12 14 15) *0, disabled.
[    0.811715] ACPI: PCI Interrupt Link [LNKG] (IRQs 3 4 5 6 7 9 10 11 12 14 15) *0, disabled.
[    0.811762] ACPI: PCI Interrupt Link [LNKH] (IRQs 3 4 5 6 7 9 10 11 12 14 15) *0, disabled.
[    0.812014] ACPI: PCI Root Bridge [PCI1] (domain 0000 [bus 80-fe])
[    0.812018] acpi PNP0A08:01: _OSC: OS supports [ExtendedConfig ASPM ClockPM Segments MSI]
[    0.812097] acpi PNP0A08:01: PCIe AER handled by firmware
[    0.812239] acpi PNP0A08:01: _OSC: OS now controls [PCIeHotplug PME PCIeCapability]
[    0.812376] PCI host bridge to bus 0000:80
[    0.812379] pci_bus 0000:80: root bus resource [bus 80-fe]
[    0.812381] pci_bus 0000:80: root bus resource [io  0x8000-0xffff]
[    0.812382] pci_bus 0000:80: root bus resource [mem 0xc8000000-0xfbffbfff]
[    0.812384] pci_bus 0000:80: root bus resource [mem 0x3c000000000-0x3ffffffffff]
[    0.812396] pci 0000:80:01.0: [8086:2f02] type 01 class 0x060400
[    0.812446] pci 0000:80:01.0: PME# supported from D0 D3hot D3cold
[    0.812480] pci 0000:80:01.0: System wakeup disabled by ACPI
[    0.812513] pci 0000:80:02.0: [8086:2f04] type 01 class 0x060400
[    0.812562] pci 0000:80:02.0: PME# supported from D0 D3hot D3cold
[    0.812594] pci 0000:80:02.0: System wakeup disabled by ACPI
[    0.812624] pci 0000:80:03.0: [8086:2f08] type 01 class 0x060400
[    0.812672] pci 0000:80:03.0: PME# supported from D0 D3hot D3cold
[    0.812704] pci 0000:80:03.0: System wakeup disabled by ACPI
[    0.812734] pci 0000:80:03.2: [8086:2f0a] type 01 class 0x060400
[    0.812782] pci 0000:80:03.2: PME# supported from D0 D3hot D3cold
[    0.812813] pci 0000:80:03.2: System wakeup disabled by ACPI
[    0.812849] pci 0000:80:05.0: [8086:2f28] type 00 class 0x088000
[    0.812936] pci 0000:80:05.1: [8086:2f29] type 00 class 0x088000
[    0.813031] pci 0000:80:05.2: [8086:2f2a] type 00 class 0x088000
[    0.813108] pci 0000:80:05.4: [8086:2f2c] type 00 class 0x080020
[    0.813116] pci 0000:80:05.4: reg 0x10: [mem 0xc8100000-0xc8100fff]
[    0.813257] pci 0000:80:01.0: PCI bridge to [bus 81]
[    0.813313] pci 0000:82:00.0: [8086:0953] type 00 class 0x010802
[    0.813325] pci 0000:82:00.0: reg 0x10: [mem 0xc8000000-0xc8003fff 64bit]
[    0.813350] pci 0000:82:00.0: reg 0x30: [mem 0xffff0000-0xffffffff pref]
[    0.820904] pci 0000:80:02.0: PCI bridge to [bus 82]
[    0.820908] pci 0000:80:02.0:   bridge window [mem 0xc8000000-0xc80fffff]
[    0.820961] pci 0000:80:03.0: PCI bridge to [bus 83]
[    0.821011] pci 0000:84:00.0: [1fc9:4024] type 00 class 0x020000
[    0.821024] pci 0000:84:00.0: reg 0x10: [mem 0x3fffff00000-0x3fffff0ffff 64bit pref]
[    0.821083] pci 0000:84:00.0: supports D1 D2
[    0.821084] pci 0000:84:00.0: PME# supported from D0 D1 D2 D3hot D3cold
[    0.828907] pci 0000:80:03.2: PCI bridge to [bus 84]
[    0.828914] pci 0000:80:03.2:   bridge window [mem 0x3fffff00000-0x3ffffffffff 64bit pref]
[    0.828930] pci_bus 0000:80: on NUMA node 1 (pxm 1)
[    0.828932] acpi PNP0A08:01: Disabling ASPM (FADT indicates it is unsupported)
[    0.829104] ACPI: Enabled 2 GPEs in block 00 to 3F
[    0.829116] ACPI: \_SB_.UNC1: notify handler is installed
[    0.829118] ACPI: \_SB_.UNC0: notify handler is installed
[    0.829200] ACPI: \_SB_.PCI0: notify handler is installed
[    0.829261] ACPI: \_SB_.PCI1: notify handler is installed
[    0.829279] Found 4 acpi root devices
[    0.829575] vgaarb: device added: PCI:0000:0b:00.0,decodes=io+mem,owns=io+mem,locks=none
[    0.829577] vgaarb: loaded
[    0.829578] vgaarb: bridge control possible 0000:0b:00.0
[    0.829765] SCSI subsystem initialized
[    0.829966] libata version 3.00 loaded.
[    0.829985] ACPI: bus type USB registered
[    0.830013] usbcore: registered new interface driver usbfs
[    0.830024] usbcore: registered new interface driver hub
[    0.830053] usbcore: registered new device driver usb
[    0.830477] PCI: Using ACPI for IRQ routing
[    0.837039] PCI: pci_cache_line_size set to 64 bytes
[    0.837330] pci 0000:ff:1e.3: no compatible bridge window for [io  0x0010-0x001f]
[    0.837363] pci 0000:7f:1e.3: no compatible bridge window for [io  0x0010-0x001f]
[    0.837548] e820: reserve RAM buffer [mem 0x0009c000-0x0009ffff]
[    0.837549] e820: reserve RAM buffer [mem 0x7a289000-0x7bffffff]
[    0.837551] e820: reserve RAM buffer [mem 0x7bae9000-0x7bffffff]
[    0.837552] e820: reserve RAM buffer [mem 0x7bb00000-0x7bffffff]
[    0.837835] NetLabel: Initializing
[    0.837837] NetLabel:  domain hash size = 128
[    0.837837] NetLabel:  protocols = UNLABELED CIPSOv4
[    0.837852] NetLabel:  unlabeled traffic allowed by default
[    0.837917] hpet0: at MMIO 0xfed00000, IRQs 2, 8, 0, 0, 0, 0, 0, 0
[    0.837923] hpet0: 8 comparators, 64-bit 14.318180 MHz counter
[    0.840070] Switched to clocksource hpet
[    0.848465] AppArmor: AppArmor Filesystem Enabled
[    0.848485] pnp: PnP ACPI init
[    0.848494] ACPI: bus type PNP registered
[    0.848767] pnp 00:00: Plug and Play ACPI device, IDs PNP0003 (active)
[    0.848958] pnp 00:01: [dma 4]
[    0.848983] pnp 00:01: Plug and Play ACPI device, IDs PNP0200 (active)
[    0.849028] pnp 00:02: Plug and Play ACPI device, IDs PNP0b00 (active)
[    0.849067] pnp 00:03: Plug and Play ACPI device, IDs PNP0c04 (active)
[    0.849102] pnp 00:04: Plug and Play ACPI device, IDs PNP0800 (active)
[    0.849144] pnp 00:05: Plug and Play ACPI device, IDs PNP0103 (active)
[    0.849246] system 00:06: [io  0x0500-0x053f] has been reserved
[    0.849248] system 00:06: [io  0x0400-0x047f] could not be reserved
[    0.849251] system 00:06: [io  0x0540-0x057f] has been reserved
[    0.849253] system 00:06: [io  0x0600-0x061f] has been reserved
[    0.849254] system 00:06: [io  0x0ca0-0x0ca5] has been reserved
[    0.849256] system 00:06: [io  0x0880-0x0883] has been reserved
[    0.849258] system 00:06: [io  0x0800-0x081f] has been reserved
[    0.849261] system 00:06: [mem 0xfeda8000-0xfedcbfff] could not be reserved
[    0.849263] system 00:06: [mem 0xff000000-0xffffffff] could not be reserved
[    0.849265] system 00:06: [mem 0xfee00000-0xfeefffff] has been reserved
[    0.849267] system 00:06: [mem 0xfed12000-0xfed1200f] has been reserved
[    0.849269] system 00:06: [mem 0xfed12010-0xfed1201f] has been reserved
[    0.849271] system 00:06: [mem 0xfed1b000-0xfed1bfff] has been reserved
[    0.849274] system 00:06: Plug and Play ACPI device, IDs PNP0c02 (active)
[    0.849474] pnp 00:07: Plug and Play ACPI device, IDs PNP0501 (active)
[    0.849647] pnp 00:08: Plug and Play ACPI device, IDs PNP0501 (active)
[    0.849732] system 00:09: [io  0x0ca8] has been reserved
[    0.849735] system 00:09: [io  0x0cac] has been reserved
[    0.849737] system 00:09: Plug and Play ACPI device, IDs IPI0001 PNP0c01 (active)
[    0.849839] pnp: PnP ACPI: found 10 devices
[    0.849840] ACPI: bus type PNP unregistered
[    0.856538] pci 0000:03:00.0: no compatible bridge window for [mem 0xfff00000-0xffffffff pref]
[    0.856541] pci 0000:04:00.0: no compatible bridge window for [mem 0xffff0000-0xffffffff pref]
[    0.856543] pci 0000:05:00.0: no compatible bridge window for [mem 0xffff0000-0xffffffff pref]
[    0.856545] pci 0000:02:00.0: no compatible bridge window for [mem 0xfffc0000-0xffffffff pref]
[    0.856547] pci 0000:02:00.1: no compatible bridge window for [mem 0xfffc0000-0xffffffff pref]
[    0.856549] pci 0000:01:00.0: no compatible bridge window for [mem 0xfffc0000-0xffffffff pref]
[    0.856550] pci 0000:01:00.1: no compatible bridge window for [mem 0xfffc0000-0xffffffff pref]
[    0.856552] pci 0000:06:00.0: no compatible bridge window for [mem 0xffff0000-0xffffffff pref]
[    0.856555] pci 0000:00:11.0: no compatible bridge window for [mem 0xffff0000-0xffffffff pref]
[    0.856557] pci 0000:82:00.0: no compatible bridge window for [mem 0xffff0000-0xffffffff pref]
[    0.856570] pci 0000:ff:1e.3: BAR 0: can't assign io (size 0x10)
[    0.856573] pci 0000:ff:1e.3: BAR 0: trying firmware assignment [io  0x0010-0x001f]
[    0.856575] pci 0000:ff:1e.3: BAR 0: [io  0x0010-0x001f] conflicts with PCI Bus 0000:00 [io  0x0000-0x03bb]
[    0.856579] pci_bus 0000:ff: Some PCI device resources are unassigned, try booting with pci=realloc
[    0.856591] pci 0000:7f:1e.3: BAR 0: can't assign io (size 0x10)
[    0.856593] pci 0000:7f:1e.3: BAR 0: trying firmware assignment [io  0x0010-0x001f]
[    0.856595] pci 0000:7f:1e.3: BAR 0: [io  0x0010-0x001f] conflicts with PCI Bus 0000:00 [io  0x0000-0x03bb]
[    0.856598] pci_bus 0000:7f: Some PCI device resources are unassigned, try booting with pci=realloc
[    0.857379] pci 0000:00:01.0: BAR 15: assigned [mem 0x92200000-0x922fffff pref]
[    0.857382] pci 0000:00:02.0: BAR 15: assigned [mem 0x92300000-0x923fffff pref]
[    0.857385] pci 0000:00:02.2: BAR 15: assigned [mem 0x92400000-0x924fffff pref]
[    0.857387] pci 0000:00:03.0: BAR 14: assigned [mem 0x92500000-0x925fffff]
[    0.857390] pci 0000:00:03.1: BAR 14: assigned [mem 0x92600000-0x926fffff]
[    0.857392] pci 0000:00:03.2: BAR 15: assigned [mem 0x92700000-0x927fffff pref]
[    0.857395] pci 0000:00:11.0: BAR 6: assigned [mem 0x92110000-0x9211ffff pref]
[    0.857398] pci 0000:03:00.0: BAR 6: assigned [mem 0x92200000-0x922fffff pref]
[    0.857400] pci 0000:00:01.0: PCI bridge to [bus 03]
[    0.857403] pci 0000:00:01.0:   bridge window [io  0x2000-0x2fff]
[    0.857406] pci 0000:00:01.0:   bridge window [mem 0x91f00000-0x920fffff]
[    0.857409] pci 0000:00:01.0:   bridge window [mem 0x92200000-0x922fffff pref]
[    0.857413] pci 0000:04:00.0: BAR 6: assigned [mem 0x92300000-0x9230ffff pref]
[    0.857415] pci 0000:00:02.0: PCI bridge to [bus 04]
[    0.857418] pci 0000:00:02.0:   bridge window [mem 0x91e00000-0x91efffff]
[    0.857421] pci 0000:00:02.0:   bridge window [mem 0x92300000-0x923fffff pref]
[    0.857425] pci 0000:05:00.0: BAR 6: assigned [mem 0x92400000-0x9240ffff pref]
[    0.857426] pci 0000:00:02.2: PCI bridge to [bus 05]
[    0.857430] pci 0000:00:02.2:   bridge window [mem 0x91d00000-0x91dfffff]
[    0.857432] pci 0000:00:02.2:   bridge window [mem 0x92400000-0x924fffff pref]
[    0.857437] pci 0000:02:00.0: BAR 6: assigned [mem 0x91a80000-0x91abffff pref]
[    0.857439] pci 0000:02:00.1: BAR 6: assigned [mem 0x91ac0000-0x91afffff pref]
[    0.857441] pci 0000:00:03.0: PCI bridge to [bus 02]
[    0.857444] pci 0000:00:03.0:   bridge window [mem 0x92500000-0x925fffff]
[    0.857447] pci 0000:00:03.0:   bridge window [mem 0x91a00000-0x91afffff 64bit pref]
[    0.857451] pci 0000:01:00.0: BAR 6: assigned [mem 0x91b80000-0x91bbffff pref]
[    0.857453] pci 0000:01:00.1: BAR 6: assigned [mem 0x91bc0000-0x91bfffff pref]
[    0.857455] pci 0000:00:03.1: PCI bridge to [bus 01]
[    0.857458] pci 0000:00:03.1:   bridge window [mem 0x92600000-0x926fffff]
[    0.857461] pci 0000:00:03.1:   bridge window [mem 0x91b00000-0x91bfffff 64bit pref]
[    0.857465] pci 0000:06:00.0: BAR 6: assigned [mem 0x92700000-0x9270ffff pref]
[    0.857466] pci 0000:00:03.2: PCI bridge to [bus 06]
[    0.857470] pci 0000:00:03.2:   bridge window [mem 0x91c00000-0x91cfffff]
[    0.857472] pci 0000:00:03.2:   bridge window [mem 0x92700000-0x927fffff pref]
[    0.857476] pci 0000:00:1c.0: PCI bridge to [bus 07]
[    0.857486] pci 0000:0a:00.0: PCI bridge to [bus 0b]
[    0.857637] pci 0000:0a:00.0:   bridge window [mem 0x91000000-0x918fffff]
[    0.857736] pci 0000:0a:00.0:   bridge window [mem 0x90000000-0x90ffffff 64bit pref]
[    0.857941] pci 0000:09:00.0: PCI bridge to [bus 0a-0b]
[    0.858092] pci 0000:09:00.0:   bridge window [mem 0x91000000-0x918fffff]
[    0.858191] pci 0000:09:00.0:   bridge window [mem 0x90000000-0x90ffffff 64bit pref]
[    0.858396] pci 0000:08:00.0: PCI bridge to [bus 09-0c]
[    0.858529] pci 0000:08:00.0:   bridge window [mem 0x91000000-0x919fffff]
[    0.858616] pci 0000:08:00.0:   bridge window [mem 0x90000000-0x90ffffff 64bit pref]
[    0.858841] pci 0000:00:1c.7: PCI bridge to [bus 08-0c]
[    0.858845] pci 0000:00:1c.7:   bridge window [mem 0x91000000-0x919fffff]
[    0.858849] pci 0000:00:1c.7:   bridge window [mem 0x90000000-0x90ffffff 64bit pref]
[    0.858854] pci_bus 0000:00: resource 4 [io  0x0000-0x03bb]
[    0.858856] pci_bus 0000:00: resource 5 [io  0x03bc-0x03df]
[    0.858858] pci_bus 0000:00: resource 6 [io  0x03e0-0x0cf7]
[    0.858859] pci_bus 0000:00: resource 7 [io  0x1000-0x7fff]
[    0.858861] pci_bus 0000:00: resource 8 [mem 0x000a0000-0x000bffff]
[    0.858862] pci_bus 0000:00: resource 9 [mem 0x90000000-0xc7ffbfff]
[    0.858864] pci_bus 0000:00: resource 10 [mem 0x38000000000-0x3bfffffffff]
[    0.858866] pci_bus 0000:03: resource 0 [io  0x2000-0x2fff]
[    0.858868] pci_bus 0000:03: resource 1 [mem 0x91f00000-0x920fffff]
[    0.858869] pci_bus 0000:03: resource 2 [mem 0x92200000-0x922fffff pref]
[    0.858871] pci_bus 0000:04: resource 1 [mem 0x91e00000-0x91efffff]
[    0.858872] pci_bus 0000:04: resource 2 [mem 0x92300000-0x923fffff pref]
[    0.858874] pci_bus 0000:05: resource 1 [mem 0x91d00000-0x91dfffff]
[    0.858876] pci_bus 0000:05: resource 2 [mem 0x92400000-0x924fffff pref]
[    0.858877] pci_bus 0000:02: resource 1 [mem 0x92500000-0x925fffff]
[    0.858879] pci_bus 0000:02: resource 2 [mem 0x91a00000-0x91afffff 64bit pref]
[    0.858881] pci_bus 0000:01: resource 1 [mem 0x92600000-0x926fffff]
[    0.858882] pci_bus 0000:01: resource 2 [mem 0x91b00000-0x91bfffff 64bit pref]
[    0.858884] pci_bus 0000:06: resource 1 [mem 0x91c00000-0x91cfffff]
[    0.858886] pci_bus 0000:06: resource 2 [mem 0x92700000-0x927fffff pref]
[    0.858887] pci_bus 0000:08: resource 1 [mem 0x91000000-0x919fffff]
[    0.858889] pci_bus 0000:08: resource 2 [mem 0x90000000-0x90ffffff 64bit pref]
[    0.858891] pci_bus 0000:09: resource 1 [mem 0x91000000-0x919fffff]
[    0.858892] pci_bus 0000:09: resource 2 [mem 0x90000000-0x90ffffff 64bit pref]
[    0.858894] pci_bus 0000:0a: resource 1 [mem 0x91000000-0x918fffff]
[    0.858896] pci_bus 0000:0a: resource 2 [mem 0x90000000-0x90ffffff 64bit pref]
[    0.858897] pci_bus 0000:0b: resource 1 [mem 0x91000000-0x918fffff]
[    0.858899] pci_bus 0000:0b: resource 2 [mem 0x90000000-0x90ffffff 64bit pref]
[    0.858919] pci 0000:80:02.0: BAR 15: assigned [mem 0xc8200000-0xc82fffff pref]
[    0.858921] pci 0000:80:01.0: PCI bridge to [bus 81]
[    0.858929] pci 0000:82:00.0: BAR 6: assigned [mem 0xc8200000-0xc820ffff pref]
[    0.858930] pci 0000:80:02.0: PCI bridge to [bus 82]
[    0.858934] pci 0000:80:02.0:   bridge window [mem 0xc8000000-0xc80fffff]
[    0.858937] pci 0000:80:02.0:   bridge window [mem 0xc8200000-0xc82fffff pref]
[    0.858941] pci 0000:80:03.0: PCI bridge to [bus 83]
[    0.858948] pci 0000:80:03.2: PCI bridge to [bus 84]
[    0.858953] pci 0000:80:03.2:   bridge window [mem 0x3fffff00000-0x3ffffffffff 64bit pref]
[    0.858957] pci_bus 0000:80: resource 4 [io  0x8000-0xffff]
[    0.858959] pci_bus 0000:80: resource 5 [mem 0xc8000000-0xfbffbfff]
[    0.858960] pci_bus 0000:80: resource 6 [mem 0x3c000000000-0x3ffffffffff]
[    0.858962] pci_bus 0000:82: resource 1 [mem 0xc8000000-0xc80fffff]
[    0.858964] pci_bus 0000:82: resource 2 [mem 0xc8200000-0xc82fffff pref]
[    0.858966] pci_bus 0000:84: resource 2 [mem 0x3fffff00000-0x3ffffffffff 64bit pref]
[    0.859194] NET: Registered protocol family 2
[    0.860206] TCP established hash table entries: 524288 (order: 10, 4194304 bytes)
[    0.861226] TCP bind hash table entries: 65536 (order: 8, 1048576 bytes)
[    0.861450] TCP: Hash tables configured (established 524288 bind 65536)
[    0.861493] TCP: reno registered
[    0.861608] UDP hash table entries: 32768 (order: 8, 1048576 bytes)
[    0.861918] UDP-Lite hash table entries: 32768 (order: 8, 1048576 bytes)
[    0.862833] NET: Registered protocol family 1
[    0.884551] pci 0000:0b:00.0: Boot video device
[    0.884789] PCI: CLS 0 bytes, default 64
[    0.884860] Trying to unpack rootfs image as initramfs...
[    1.263346] Freeing initrd memory: 19868K (ffff880035922000 - ffff880036c89000)
[    1.263391] PCI-DMA: Using software bounce buffering for IO (SWIOTLB)
[    1.263394] software IO TLB [mem 0x76289000-0x7a289000] (64MB) mapped at [ffff880076289000-ffff88007a288fff]
[    1.263806] microcode: CPU0 sig=0x306f2, pf=0x1, revision=0x39
[    1.263815] microcode: CPU1 sig=0x306f2, pf=0x1, revision=0x39
[    1.263828] microcode: CPU2 sig=0x306f2, pf=0x1, revision=0x39
[    1.263836] microcode: CPU3 sig=0x306f2, pf=0x1, revision=0x39
[    1.263845] microcode: CPU4 sig=0x306f2, pf=0x1, revision=0x39
[    1.263854] microcode: CPU5 sig=0x306f2, pf=0x1, revision=0x39
[    1.263863] microcode: CPU6 sig=0x306f2, pf=0x1, revision=0x39
[    1.263871] microcode: CPU7 sig=0x306f2, pf=0x1, revision=0x39
[    1.263880] microcode: CPU8 sig=0x306f2, pf=0x1, revision=0x39
[    1.263889] microcode: CPU9 sig=0x306f2, pf=0x1, revision=0x39
[    1.263898] microcode: CPU10 sig=0x306f2, pf=0x1, revision=0x39
[    1.263907] microcode: CPU11 sig=0x306f2, pf=0x1, revision=0x39
[    1.264001] microcode: Microcode Update Driver: v2.00 <tigran@aivazian.fsnet.co.uk>, Peter Oruba
[    1.264004] Scanning for low memory corruption every 60 seconds
[    1.265997] Initialise system trusted keyring
[    1.266277] audit: initializing netlink socket (disabled)
[    1.266307] type=2000 audit(1535148598.220:1): initialized
[    1.299563] HugeTLB registered 2 MB page size, pre-allocated 0 pages
[    1.303340] zbud: loaded
[    1.303626] VFS: Disk quotas dquot_6.5.2
[    1.303976] Dquot-cache hash table entries: 512 (order 0, 4096 bytes)
[    1.305790] fuse init (API version 7.22)
[    1.305987] msgmni has been set to 32768
[    1.306232] Key type big_key registered
[    1.306884] Key type asymmetric registered
[    1.306886] Asymmetric key parser 'x509' registered
[    1.306979] Block layer SCSI generic (bsg) driver version 0.4 loaded (major 252)
[    1.307159] io scheduler noop registered
[    1.307161] io scheduler deadline registered (default)
[    1.307249] io scheduler cfq registered
[    1.307852] pcieport 0000:00:01.0: irq 90 for MSI/MSI-X
[    1.308085] pcieport 0000:00:02.0: irq 91 for MSI/MSI-X
[    1.308291] pcieport 0000:00:02.2: irq 92 for MSI/MSI-X
[    1.308496] pcieport 0000:00:03.0: irq 93 for MSI/MSI-X
[    1.308688] pcieport 0000:00:03.1: irq 94 for MSI/MSI-X
[    1.308886] pcieport 0000:00:03.2: irq 95 for MSI/MSI-X
[    1.309146] pcieport 0000:00:1c.0: irq 96 for MSI/MSI-X
[    1.309430] pcieport 0000:00:1c.7: irq 97 for MSI/MSI-X
[    1.312308] pcieport 0000:80:01.0: irq 98 for MSI/MSI-X
[    1.312479] pcieport 0000:80:02.0: irq 99 for MSI/MSI-X
[    1.312632] pcieport 0000:80:03.0: irq 100 for MSI/MSI-X
[    1.312788] pcieport 0000:80:03.2: irq 101 for MSI/MSI-X
[    1.312853] pcieport 0000:00:01.0: Signaling PME through PCIe PME interrupt
[    1.312855] pci 0000:03:00.0: Signaling PME through PCIe PME interrupt
[    1.312859] pcie_pme 0000:00:01.0:pcie01: service driver pcie_pme loaded
[    1.312881] pcieport 0000:00:02.0: Signaling PME through PCIe PME interrupt
[    1.312883] pci 0000:04:00.0: Signaling PME through PCIe PME interrupt
[    1.312886] pcie_pme 0000:00:02.0:pcie01: service driver pcie_pme loaded
[    1.312898] pcieport 0000:00:02.2: Signaling PME through PCIe PME interrupt
[    1.312900] pci 0000:05:00.0: Signaling PME through PCIe PME interrupt
[    1.312903] pcie_pme 0000:00:02.2:pcie01: service driver pcie_pme loaded
[    1.312920] pcieport 0000:00:03.0: Signaling PME through PCIe PME interrupt
[    1.312922] pci 0000:02:00.0: Signaling PME through PCIe PME interrupt
[    1.312923] pci 0000:02:00.1: Signaling PME through PCIe PME interrupt
[    1.312926] pcie_pme 0000:00:03.0:pcie01: service driver pcie_pme loaded
[    1.312939] pcieport 0000:00:03.1: Signaling PME through PCIe PME interrupt
[    1.312940] pci 0000:01:00.0: Signaling PME through PCIe PME interrupt
[    1.312942] pci 0000:01:00.1: Signaling PME through PCIe PME interrupt
[    1.312945] pcie_pme 0000:00:03.1:pcie01: service driver pcie_pme loaded
[    1.312967] pcieport 0000:00:03.2: Signaling PME through PCIe PME interrupt
[    1.312969] pci 0000:06:00.0: Signaling PME through PCIe PME interrupt
[    1.312971] pcie_pme 0000:00:03.2:pcie01: service driver pcie_pme loaded
[    1.312986] pcieport 0000:00:1c.0: Signaling PME through PCIe PME interrupt
[    1.312990] pcie_pme 0000:00:1c.0:pcie01: service driver pcie_pme loaded
[    1.313004] pcieport 0000:00:1c.7: Signaling PME through PCIe PME interrupt
[    1.313006] pcieport 0000:08:00.0: Signaling PME through PCIe PME interrupt
[    1.313008] pcieport 0000:09:00.0: Signaling PME through PCIe PME interrupt
[    1.313009] pci 0000:0a:00.0: Signaling PME through PCIe PME interrupt
[    1.313011] pci 0000:0b:00.0: Signaling PME through PCIe PME interrupt
[    1.313014] pcie_pme 0000:00:1c.7:pcie01: service driver pcie_pme loaded
[    1.313026] pcieport 0000:80:01.0: Signaling PME through PCIe PME interrupt
[    1.313029] pcie_pme 0000:80:01.0:pcie01: service driver pcie_pme loaded
[    1.313040] pcieport 0000:80:02.0: Signaling PME through PCIe PME interrupt
[    1.313042] pci 0000:82:00.0: Signaling PME through PCIe PME interrupt
[    1.313045] pcie_pme 0000:80:02.0:pcie01: service driver pcie_pme loaded
[    1.313064] pcieport 0000:80:03.0: Signaling PME through PCIe PME interrupt
[    1.313067] pcie_pme 0000:80:03.0:pcie01: service driver pcie_pme loaded
[    1.313079] pcieport 0000:80:03.2: Signaling PME through PCIe PME interrupt
[    1.313081] pci 0000:84:00.0: Signaling PME through PCIe PME interrupt
[    1.313083] pcie_pme 0000:80:03.2:pcie01: service driver pcie_pme loaded
[    1.313111] ioapic: probe of 0000:00:05.4 failed with error -22
[    1.313124] ioapic: probe of 0000:80:05.4 failed with error -22
[    1.313135] pci_hotplug: PCI Hot Plug PCI Core version: 0.5
[    1.313149] pciehp: PCI Express Hot Plug Controller Driver version: 0.4
[    1.313211] vesafb: mode is 640x480x32, linelength=2560, pages=0
[    1.313212] vesafb: scrolling: redraw
[    1.313215] vesafb: Truecolor: size=8:8:8:8, shift=24:16:8:0
[    1.313395] vesafb: framebuffer at 0x90000000, mapped to 0xffffc90016b80000, using 1216k, total 1216k
[    1.376663] Console: switching to colour frame buffer device 80x30
[    1.440212] fb0: VESA VGA frame buffer device
[    1.440228] intel_idle: MWAIT substates: 0x2120
[    1.440229] intel_idle: v0.4 model 0x3F
[    1.440230] intel_idle: lapic_timer_reliable_states 0xffffffff
[    1.440587] ipmi message handler version 39.2
[    1.440711] input: Power Button as /devices/LNXSYSTM:00/LNXPWRBN:00/input/input0
[    1.440717] ACPI: Power Button [PWRF]
[    1.441151] ERST: Error Record Serialization Table (ERST) support is initialized.
[    1.441157] pstore: Registered erst as persistent store backend
[    1.441430] GHES: APEI firmware first mode is enabled by APEI bit and WHEA _OSC.
[    1.441541] Serial: 8250/16550 driver, 32 ports, IRQ sharing enabled
[    1.462003] 00:07: ttyS1 at I/O 0x2f8 (irq = 3, base_baud = 115200) is a 16550A
[    1.482458] 00:08: ttyS0 at I/O 0x3f8 (irq = 4, base_baud = 115200) is a 16550A
[    1.483821] Linux agpgart interface v0.103
[    1.489304] brd: module loaded
[    1.492136] loop: module loaded
[    1.492689] libphy: Fixed MDIO Bus: probed
[    1.492780] tun: Universal TUN/TAP device driver, 1.6
[    1.492781] tun: (C) 1999-2004 Max Krasnyansky <maxk@qualcomm.com>
[    1.492846] PPP generic driver version 2.4.2
[    1.492889] ehci_hcd: USB 2.0 'Enhanced' Host Controller (EHCI) Driver
[    1.492893] ehci-pci: EHCI PCI platform driver
[    1.493104] ehci-pci 0000:00:1a.0: EHCI Host Controller
[    1.493125] ehci-pci 0000:00:1a.0: new USB bus registered, assigned bus number 1
[    1.493139] ehci-pci 0000:00:1a.0: debug port 2
[    1.497041] ehci-pci 0000:00:1a.0: cache line size of 64 is not supported
[    1.497068] ehci-pci 0000:00:1a.0: irq 18, io mem 0x92103000
[    1.508133] ehci-pci 0000:00:1a.0: USB 2.0 started, EHCI 1.00
[    1.508198] usb usb1: New USB device found, idVendor=1d6b, idProduct=0002
[    1.508201] usb usb1: New USB device strings: Mfr=3, Product=2, SerialNumber=1
[    1.508203] usb usb1: Product: EHCI Host Controller
[    1.508204] usb usb1: Manufacturer: Linux 3.13.0-32-generic ehci_hcd
[    1.508206] usb usb1: SerialNumber: 0000:00:1a.0
[    1.508354] hub 1-0:1.0: USB hub found
[    1.508361] hub 1-0:1.0: 2 ports detected
[    1.508644] ehci-pci 0000:00:1d.0: EHCI Host Controller
[    1.508651] ehci-pci 0000:00:1d.0: new USB bus registered, assigned bus number 2
[    1.508663] ehci-pci 0000:00:1d.0: debug port 2
[    1.512577] ehci-pci 0000:00:1d.0: cache line size of 64 is not supported
[    1.512592] ehci-pci 0000:00:1d.0: irq 18, io mem 0x92102000
[    1.524134] ehci-pci 0000:00:1d.0: USB 2.0 started, EHCI 1.00
[    1.524194] usb usb2: New USB device found, idVendor=1d6b, idProduct=0002
[    1.524196] usb usb2: New USB device strings: Mfr=3, Product=2, SerialNumber=1
[    1.524198] usb usb2: Product: EHCI Host Controller
[    1.524200] usb usb2: Manufacturer: Linux 3.13.0-32-generic ehci_hcd
[    1.524201] usb usb2: SerialNumber: 0000:00:1d.0
[    1.524343] hub 2-0:1.0: USB hub found
[    1.524349] hub 2-0:1.0: 2 ports detected
[    1.524517] ehci-platform: EHCI generic platform driver
[    1.524524] ohci_hcd: USB 1.1 'Open' Host Controller (OHCI) Driver
[    1.524527] ohci-pci: OHCI PCI platform driver
[    1.524548] ohci-platform: OHCI generic platform driver
[    1.524553] uhci_hcd: USB Universal Host Controller Interface driver
[    1.524627] i8042: PNP: No PS/2 controller found. Probing ports directly.
[    1.824163] usb 1-1: new high-speed USB device number 2 using ehci-pci
[    1.964531] usb 1-1: New USB device found, idVendor=8087, idProduct=800a
[    1.964535] usb 1-1: New USB device strings: Mfr=0, Product=0, SerialNumber=0
[    1.964816] hub 1-1:1.0: USB hub found
[    1.964904] hub 1-1:1.0: 6 ports detected
[    2.076218] usb 2-1: new high-speed USB device number 2 using ehci-pci
[    2.208555] usb 2-1: New USB device found, idVendor=8087, idProduct=8002
[    2.208558] usb 2-1: New USB device strings: Mfr=0, Product=0, SerialNumber=0
[    2.208841] hub 2-1:1.0: USB hub found
[    2.208928] hub 2-1:1.0: 8 ports detected
[    2.260208] tsc: Refined TSC clocksource calibration: 1899.998 MHz
[    2.280313] usb 1-1.6: new high-speed USB device number 3 using ehci-pci
[    2.373196] usb 1-1.6: New USB device found, idVendor=413c, idProduct=a001
[    2.373200] usb 1-1.6: New USB device strings: Mfr=1, Product=2, SerialNumber=3
[    2.373202] usb 1-1.6: Product: Gadget USB HUB
[    2.373203] usb 1-1.6: Manufacturer: no manufacturer
[    2.373205] usb 1-1.6: SerialNumber: 0123456789
[    2.373483] hub 1-1.6:1.0: USB hub found
[    2.373568] hub 1-1.6:1.0: 6 ports detected
[    2.554050] i8042: No controller found
[    2.554148] mousedev: PS/2 mouse device common for all mice
[    2.554233] rtc_cmos 00:02: RTC can wake from S4
[    2.554359] rtc_cmos 00:02: rtc core: registered rtc_cmos as rtc0
[    2.554388] rtc_cmos 00:02: alarms up to one month, y3k, 114 bytes nvram, hpet irqs
[    2.554580] device-mapper: uevent: version 1.0.3
[    2.554721] device-mapper: ioctl: 4.27.0-ioctl (2013-10-30) initialised: dm-devel@redhat.com
[    2.555318] ledtrig-cpu: registered to indicate activity on CPUs
[    2.555479] TCP: cubic registered
[    2.555821] NET: Registered protocol family 10
[    2.556690] NET: Registered protocol family 17
[    2.556698] Key type dns_resolver registered
[    2.557121] Loading compiled-in X.509 certificates
[    2.558037] Loaded X.509 cert 'Magrathea: Glacier signing key: 5e3c0f9ca6e36543535fa2bb5b709e84f16da7c7'
[    2.558047] registered taskstats version 1
[    2.563493] Key type trusted registered
[    2.565823] Key type encrypted registered
[    2.568102] AppArmor: AppArmor sha1 policy hashing enabled
[    2.568106] IMA: No TPM chip found, activating TPM-bypass!
[    2.572178] regulator-dummy: disabling
[    2.572288]   Magic number: 14:766:199
[    2.572411] acpi device:54: hash matches
[    2.572627] rtc_cmos 00:02: setting system clock to 2018-08-24 22:10:00 UTC (1535148600)
[    2.572835] BIOS EDD facility v0.16 2004-Jun-25, 0 devices found
[    2.572836] EDD information not available.
[    2.572875] PM: Hibernation image not present or could not be loaded.
[    2.574055] Freeing unused kernel memory: 1336K (ffffffff81d1f000 - ffffffff81e6d000)
[    2.574056] Write protecting the kernel read-only data: 12288k
[    2.576643] Freeing unused kernel memory: 816K (ffff880001734000 - ffff880001800000)
[    2.578640] Freeing unused kernel memory: 696K (ffff880001b52000 - ffff880001c00000)
[    2.597177] systemd-udevd[534]: starting version 204
[    2.641453] md: linear personality registered for level -1
[    2.641488] pps_core: LinuxPPS API ver. 1 registered
[    2.641493] pps_core: Software ver. 5.3.6 - Copyright 2005-2007 Rodolfo Giometti <giometti@linux.it>
[    2.642977] PTP clock support registered
[    2.643271] ahci 0000:00:11.4: version 3.0
[    2.643470] ahci 0000:00:11.4: irq 102 for MSI/MSI-X
[    2.643512] ahci 0000:00:11.4: SSS flag set, parallel bus scan disabled
[    2.643546] ahci 0000:00:11.4: AHCI 0001.0300 32 slots 4 ports 6 Gbps 0xf impl SATA mode
[    2.643549] ahci 0000:00:11.4: flags: 64bit ncq stag led clo pio slum part ems apst 
[    2.644638] md: multipath personality registered for level -4
[    2.646197] tg3.c:v3.134 (Sep 16, 2013)
[    2.646800] megasas: 06.700.06.00-rc1 Sat. Aug. 31 17:00:00 PDT 2013
[    2.646836] megasas: 0x1000:0x005d:0x1028:0x1f49: bus 3:slot 0:func 0
[    2.647023] megasas: FW now in Ready state
[    2.647110] megaraid_sas 0000:03:00.0: irq 103 for MSI/MSI-X
[    2.647181] megaraid_sas 0000:03:00.0: irq 104 for MSI/MSI-X
[    2.647249] megaraid_sas 0000:03:00.0: irq 105 for MSI/MSI-X
[    2.647315] megaraid_sas 0000:03:00.0: irq 106 for MSI/MSI-X
[    2.647381] megaraid_sas 0000:03:00.0: irq 107 for MSI/MSI-X
[    2.647440] megaraid_sas 0000:03:00.0: irq 108 for MSI/MSI-X
[    2.647518] megaraid_sas 0000:03:00.0: irq 109 for MSI/MSI-X
[    2.647587] megaraid_sas 0000:03:00.0: irq 110 for MSI/MSI-X
[    2.647657] megaraid_sas 0000:03:00.0: irq 111 for MSI/MSI-X
[    2.647730] megaraid_sas 0000:03:00.0: irq 112 for MSI/MSI-X
[    2.647738] md: raid0 personality registered for level 0
[    2.647800] megaraid_sas 0000:03:00.0: irq 113 for MSI/MSI-X
[    2.647866] megaraid_sas 0000:03:00.0: irq 114 for MSI/MSI-X
[    2.647909] megaraid_sas 0000:03:00.0: [scsi0]: FW supports<96> MSIX vector,Online CPUs: <12>,Current MSIX <12>
[    2.651118] md: raid1 personality registered for level 1
[    2.656115] tg3 0000:01:00.0 eth0: Tigon3 [partno(BCM95720) rev 5720000] (PCI Express) MAC address 14:18:77:38:2b:19
[    2.656119] tg3 0000:01:00.0 eth0: attached PHY is 5720C (10/100/1000Base-T Ethernet) (WireSpeed[1], EEE[1])
[    2.656121] tg3 0000:01:00.0 eth0: RXcsums[1] LinkChgREG[0] MIirq[0] ASF[1] TSOcap[1]
[    2.656123] tg3 0000:01:00.0 eth0: dma_rwctrl[00000001] dma_mask[64-bit]
[    2.664944] scsi1 : ahci
[    2.665046] scsi2 : ahci
[    2.665156] scsi3 : ahci
[    2.665238] scsi4 : ahci
[    2.665314] ata1: SATA max UDMA/133 abar m2048@0x92101000 port 0x92101100 irq 102
[    2.665317] ata2: SATA max UDMA/133 abar m2048@0x92101000 port 0x92101180 irq 102
[    2.665319] ata3: SATA max UDMA/133 abar m2048@0x92101000 port 0x92101200 irq 102
[    2.665321] ata4: SATA max UDMA/133 abar m2048@0x92101000 port 0x92101280 irq 102
[    2.665523] ahci 0000:00:1f.2: irq 115 for MSI/MSI-X
[    2.665570] ahci 0000:00:1f.2: SSS flag set, parallel bus scan disabled
[    2.665604] ahci 0000:00:1f.2: AHCI 0001.0300 32 slots 6 ports 6 Gbps 0x3f impl SATA mode
